  Determining projects to restore...
D:\BackEnd\ManhwaDimension\ManhwaDimension\ManhwaDimension.csproj : warning NU1903: Package 'SixLabors.ImageSharp' 3.0.1 has a known high severity vulnerability, https://github.com/advisories/GHSA-2cmq-823j-5qj8
D:\BackEnd\ManhwaDimension\ManhwaDimension\ManhwaDimension.csproj : warning NU1902: Package 'SixLabors.ImageSharp' 3.0.1 has a known moderate severity vulnerability, https://github.com/advisories/GHSA-5x7m-6737-26cr
D:\BackEnd\ManhwaDimension\ManhwaDimension\ManhwaDimension.csproj : warning NU1903: Package 'SixLabors.ImageSharp' 3.0.1 has a known high severity vulnerability, https://github.com/advisories/GHSA-63p8-c4ww-9cg7
D:\BackEnd\ManhwaDimension\ManhwaDimension\ManhwaDimension.csproj : warning NU1903: Package 'SixLabors.ImageSharp' 3.0.1 has a known high severity vulnerability, https://github.com/advisories/GHSA-65x7-c272-7g7r
D:\BackEnd\ManhwaDimension\ManhwaDimension\ManhwaDimension.csproj : warning NU1902: Package 'SixLabors.ImageSharp' 3.0.1 has a known moderate severity vulnerability, https://github.com/advisories/GHSA-g85r-6x2q-45w7
D:\BackEnd\ManhwaDimension\ManhwaDimension\ManhwaDimension.csproj : warning NU1902: Package 'SixLabors.ImageSharp' 3.0.1 has a known moderate severity vulnerability, https://github.com/advisories/GHSA-qxrv-gp6x-rc23
D:\BackEnd\ManhwaDimension\ManhwaDimension\ManhwaDimension.csproj : warning NU1902: Package 'SixLabors.ImageSharp' 3.0.1 has a known moderate severity vulnerability, https://github.com/advisories/GHSA-rxmq-m78w-7wmc
D:\BackEnd\ManhwaDimension\ManhwaDimension\ManhwaDimension.csproj : warning NU1903: Package 'System.Text.Json' 6.0.0 has a known high severity vulnerability, https://github.com/advisories/GHSA-8g4q-xg66-9fp4
  All projects are up-to-date for restore.
D:\BackEnd\ManhwaDimension\ManhwaDimension\ManhwaDimension.csproj : warning NU1903: Package 'SixLabors.ImageSharp' 3.0.1 has a known high severity vulnerability, https://github.com/advisories/GHSA-2cmq-823j-5qj8
D:\BackEnd\ManhwaDimension\ManhwaDimension\ManhwaDimension.csproj : warning NU1902: Package 'SixLabors.ImageSharp' 3.0.1 has a known moderate severity vulnerability, https://github.com/advisories/GHSA-5x7m-6737-26cr
D:\BackEnd\ManhwaDimension\ManhwaDimension\ManhwaDimension.csproj : warning NU1903: Package 'SixLabors.ImageSharp' 3.0.1 has a known high severity vulnerability, https://github.com/advisories/GHSA-63p8-c4ww-9cg7
D:\BackEnd\ManhwaDimension\ManhwaDimension\ManhwaDimension.csproj : warning NU1903: Package 'SixLabors.ImageSharp' 3.0.1 has a known high severity vulnerability, https://github.com/advisories/GHSA-65x7-c272-7g7r
D:\BackEnd\ManhwaDimension\ManhwaDimension\ManhwaDimension.csproj : warning NU1902: Package 'SixLabors.ImageSharp' 3.0.1 has a known moderate severity vulnerability, https://github.com/advisories/GHSA-g85r-6x2q-45w7
D:\BackEnd\ManhwaDimension\ManhwaDimension\ManhwaDimension.csproj : warning NU1902: Package 'SixLabors.ImageSharp' 3.0.1 has a known moderate severity vulnerability, https://github.com/advisories/GHSA-qxrv-gp6x-rc23
D:\BackEnd\ManhwaDimension\ManhwaDimension\ManhwaDimension.csproj : warning NU1902: Package 'SixLabors.ImageSharp' 3.0.1 has a known moderate severity vulnerability, https://github.com/advisories/GHSA-rxmq-m78w-7wmc
D:\BackEnd\ManhwaDimension\ManhwaDimension\ManhwaDimension.csproj : warning NU1903: Package 'System.Text.Json' 6.0.0 has a known high severity vulnerability, https://github.com/advisories/GHSA-8g4q-xg66-9fp4
D:\BackEnd\ManhwaDimension\ManhwaDimension\Models\BookwormDbContext.cs(56,10): warning CS1030: #warning: 'To protect potentially sensitive information in your connection string, you should move it out of source code. You can avoid scaffolding the connection string by using the Name= syntax to read it from configuration - see https://go.microsoft.com/fwlink/?linkid=2131148. For more guidance on storing connection strings, see http://go.microsoft.com/fwlink/?LinkId=723263.' [D:\BackEnd\ManhwaDimension\ManhwaDimension\ManhwaDimension.csproj]
D:\BackEnd\ManhwaDimension\ManhwaDimension\ULT\AppSettingConfig.cs(46,38): warning CS8625: Cannot convert null literal to non-nullable reference type. [D:\BackEnd\ManhwaDimension\ManhwaDimension\ManhwaDimension.csproj]
D:\BackEnd\ManhwaDimension\ManhwaDimension\ULT\AppSettingConfig.cs(65,51): warning CS8625: Cannot convert null literal to non-nullable reference type. [D:\BackEnd\ManhwaDimension\ManhwaDimension\ManhwaDimension.csproj]
D:\BackEnd\ManhwaDimension\ManhwaDimension\ULT\Entities\EntityCommon.cs(8,23): warning CS0108: 'EntityCommon<TKey>.Name' hides inherited member 'EntityBase<TKey>.Name'. Use the new keyword if hiding was intended. [D:\BackEnd\ManhwaDimension\ManhwaDimension\ManhwaDimension.csproj]
D:\BackEnd\ManhwaDimension\ManhwaDimension\Models\ViewModel\RoleRightViewModel.cs(5,23): warning CS8618: Non-nullable property 'RoleName' must contain a non-null value when exiting constructor. Consider adding the 'required' modifier or declaring the property as nullable. [D:\BackEnd\ManhwaDimension\ManhwaDimension\ManhwaDimension.csproj]
D:\BackEnd\ManhwaDimension\ManhwaDimension\Models\ViewModel\RoleRightViewModel.cs(7,23): warning CS8618: Non-nullable property 'MenuName' must contain a non-null value when exiting constructor. Consider adding the 'required' modifier or declaring the property as nullable. [D:\BackEnd\ManhwaDimension\ManhwaDimension\ManhwaDimension.csproj]
D:\BackEnd\ManhwaDimension\ManhwaDimension\Models\ViewModel\RoleMenuViewModel.cs(5,23): warning CS8618: Non-nullable property 'RoleName' must contain a non-null value when exiting constructor. Consider adding the 'required' modifier or declaring the property as nullable. [D:\BackEnd\ManhwaDimension\ManhwaDimension\ManhwaDimension.csproj]
D:\BackEnd\ManhwaDimension\ManhwaDimension\Models\ViewModel\RoleMenuViewModel.cs(7,23): warning CS8618: Non-nullable property 'MenuName' must contain a non-null value when exiting constructor. Consider adding the 'required' modifier or declaring the property as nullable. [D:\BackEnd\ManhwaDimension\ManhwaDimension\ManhwaDimension.csproj]
D:\BackEnd\ManhwaDimension\ManhwaDimension\Controllers\Admin\AdminController.cs(15,42): warning CS1998: This async method lacks 'await' operators and will run synchronously. Consider using the 'await' operator to await non-blocking API calls, or 'await Task.Run(...)' to do CPU-bound work on a background thread. [D:\BackEnd\ManhwaDimension\ManhwaDimension\ManhwaDimension.csproj]
D:\BackEnd\ManhwaDimension\ManhwaDimension\Constants\UploadFileConstant.cs(618,57): warning CS8600: Converting null literal or possible null value to non-nullable type. [D:\BackEnd\ManhwaDimension\ManhwaDimension\ManhwaDimension.csproj]
D:\BackEnd\ManhwaDimension\ManhwaDimension\Program.cs(29,9): warning CS8604: Possible null reference argument for parameter 'connectionString' in 'DbContextOptionsBuilder SqlServerDbContextOptionsExtensions.UseSqlServer(DbContextOptionsBuilder optionsBuilder, string connectionString, Action<SqlServerDbContextOptionsBuilder>? sqlServerOptionsAction = null)'. [D:\BackEnd\ManhwaDimension\ManhwaDimension\ManhwaDimension.csproj]
D:\BackEnd\ManhwaDimension\ManhwaDimension\ULT\Entities\SignIningResponse.cs(25,23): warning CS8618: Non-nullable property 'ExpireTimeFormatted' must contain a non-null value when exiting constructor. Consider adding the 'required' modifier or declaring the property as nullable. [D:\BackEnd\ManhwaDimension\ManhwaDimension\ManhwaDimension.csproj]
D:\BackEnd\ManhwaDimension\ManhwaDimension\Controllers\Mw\TagController.cs(47,17): warning CS0472: The result of the expression is always 'false' since a value of type 'long' is never equal to 'null' of type 'long?' [D:\BackEnd\ManhwaDimension\ManhwaDimension\ManhwaDimension.csproj]
D:\BackEnd\ManhwaDimension\ManhwaDimension\Models\Response\DionCVResponse.cs(16,16): warning CS8618: Non-nullable property 'value' must contain a non-null value when exiting constructor. Consider adding the 'required' modifier or declaring the property as nullable. [D:\BackEnd\ManhwaDimension\ManhwaDimension\ManhwaDimension.csproj]
D:\BackEnd\ManhwaDimension\ManhwaDimension\Models\Response\DionCVResponse.cs(16,16): warning CS8618: Non-nullable property 'resources' must contain a non-null value when exiting constructor. Consider adding the 'required' modifier or declaring the property as nullable. [D:\BackEnd\ManhwaDimension\ManhwaDimension\ManhwaDimension.csproj]
D:\BackEnd\ManhwaDimension\ManhwaDimension\Models\Response\DionCVResponse.cs(16,16): warning CS8618: Non-nullable property 'title' must contain a non-null value when exiting constructor. Consider adding the 'required' modifier or declaring the property as nullable. [D:\BackEnd\ManhwaDimension\ManhwaDimension\ManhwaDimension.csproj]
D:\BackEnd\ManhwaDimension\ManhwaDimension\Models\Response\DionCVResponse.cs(22,16): warning CS8618: Non-nullable property 'value' must contain a non-null value when exiting constructor. Consider adding the 'required' modifier or declaring the property as nullable. [D:\BackEnd\ManhwaDimension\ManhwaDimension\ManhwaDimension.csproj]
D:\BackEnd\ManhwaDimension\ManhwaDimension\Models\Response\DionCVResponse.cs(22,16): warning CS8618: Non-nullable property 'data' must contain a non-null value when exiting constructor. Consider adding the 'required' modifier or declaring the property as nullable. [D:\BackEnd\ManhwaDimension\ManhwaDimension\ManhwaDimension.csproj]
D:\BackEnd\ManhwaDimension\ManhwaDimension\Models\Response\DionCVResponse.cs(22,16): warning CS8618: Non-nullable property 'title' must contain a non-null value when exiting constructor. Consider adding the 'required' modifier or declaring the property as nullable. [D:\BackEnd\ManhwaDimension\ManhwaDimension\ManhwaDimension.csproj]
D:\BackEnd\ManhwaDimension\ManhwaDimension\Models\Response\DionCVResponse.cs(28,16): warning CS8618: Non-nullable property 'value' must contain a non-null value when exiting constructor. Consider adding the 'required' modifier or declaring the property as nullable. [D:\BackEnd\ManhwaDimension\ManhwaDimension\ManhwaDimension.csproj]
D:\BackEnd\ManhwaDimension\ManhwaDimension\Models\Response\DionCVResponse.cs(28,16): warning CS8618: Non-nullable property 'data' must contain a non-null value when exiting constructor. Consider adding the 'required' modifier or declaring the property as nullable. [D:\BackEnd\ManhwaDimension\ManhwaDimension\ManhwaDimension.csproj]
D:\BackEnd\ManhwaDimension\ManhwaDimension\Models\Response\DionCVResponse.cs(28,16): warning CS8618: Non-nullable property 'resources' must contain a non-null value when exiting constructor. Consider adding the 'required' modifier or declaring the property as nullable. [D:\BackEnd\ManhwaDimension\ManhwaDimension\ManhwaDimension.csproj]
D:\BackEnd\ManhwaDimension\ManhwaDimension\Models\Response\DionCVResponse.cs(28,16): warning CS8618: Non-nullable property 'title' must contain a non-null value when exiting constructor. Consider adding the 'required' modifier or declaring the property as nullable. [D:\BackEnd\ManhwaDimension\ManhwaDimension\ManhwaDimension.csproj]
D:\BackEnd\ManhwaDimension\ManhwaDimension\Models\Response\DionCVResponse.cs(34,16): warning CS8618: Non-nullable property 'status' must contain a non-null value when exiting constructor. Consider adding the 'required' modifier or declaring the property as nullable. [D:\BackEnd\ManhwaDimension\ManhwaDimension\ManhwaDimension.csproj]
D:\BackEnd\ManhwaDimension\ManhwaDimension\Models\Response\DionCVResponse.cs(34,16): warning CS8618: Non-nullable property 'message' must contain a non-null value when exiting constructor. Consider adding the 'required' modifier or declaring the property as nullable. [D:\BackEnd\ManhwaDimension\ManhwaDimension\ManhwaDimension.csproj]
D:\BackEnd\ManhwaDimension\ManhwaDimension\Models\Response\DionCVResponse.cs(34,16): warning CS8618: Non-nullable property 'value' must contain a non-null value when exiting constructor. Consider adding the 'required' modifier or declaring the property as nullable. [D:\BackEnd\ManhwaDimension\ManhwaDimension\ManhwaDimension.csproj]
D:\BackEnd\ManhwaDimension\ManhwaDimension\Models\Response\DionCVResponse.cs(34,16): warning CS8618: Non-nullable property 'data' must contain a non-null value when exiting constructor. Consider adding the 'required' modifier or declaring the property as nullable. [D:\BackEnd\ManhwaDimension\ManhwaDimension\ManhwaDimension.csproj]
D:\BackEnd\ManhwaDimension\ManhwaDimension\Models\Response\DionCVResponse.cs(34,16): warning CS8618: Non-nullable property 'resources' must contain a non-null value when exiting constructor. Consider adding the 'required' modifier or declaring the property as nullable. [D:\BackEnd\ManhwaDimension\ManhwaDimension\ManhwaDimension.csproj]
D:\BackEnd\ManhwaDimension\ManhwaDimension\Models\Response\DionCVResponse.cs(34,16): warning CS8618: Non-nullable property 'title' must contain a non-null value when exiting constructor. Consider adding the 'required' modifier or declaring the property as nullable. [D:\BackEnd\ManhwaDimension\ManhwaDimension\ManhwaDimension.csproj]
D:\BackEnd\ManhwaDimension\ManhwaDimension\Models\Response\DionCVResponse.cs(43,27): warning CS8601: Possible null reference assignment. [D:\BackEnd\ManhwaDimension\ManhwaDimension\ManhwaDimension.csproj]
D:\BackEnd\ManhwaDimension\ManhwaDimension\Models\Response\DionCVResponse.cs(44,29): warning CS8601: Possible null reference assignment. [D:\BackEnd\ManhwaDimension\ManhwaDimension\ManhwaDimension.csproj]
D:\BackEnd\ManhwaDimension\ManhwaDimension\ULT\Extentions\ServiceExtensions.cs(48,40): warning CS8604: Possible null reference argument for parameter 'origins' in 'CorsPolicyBuilder CorsPolicyBuilder.WithOrigins(params string[] origins)'. [D:\BackEnd\ManhwaDimension\ManhwaDimension\ManhwaDimension.csproj]
D:\BackEnd\ManhwaDimension\ManhwaDimension\ULT\Extentions\ServiceExtensions.cs(104,30): warning CS8604: Possible null reference argument for parameter 's' in 'byte[] Encoding.GetBytes(string s)'. [D:\BackEnd\ManhwaDimension\ManhwaDimension\ManhwaDimension.csproj]
D:\BackEnd\ManhwaDimension\ManhwaDimension\ULT\Extentions\ServiceExtensions.cs(13,44): warning CS8618: Non-nullable field 'httpClient' must contain a non-null value when exiting constructor. Consider adding the 'required' modifier or declaring the field as nullable. [D:\BackEnd\ManhwaDimension\ManhwaDimension\ManhwaDimension.csproj]
D:\BackEnd\ManhwaDimension\ManhwaDimension\Controllers\Mw\AuthorController.cs(47,17): warning CS0472: The result of the expression is always 'false' since a value of type 'long' is never equal to 'null' of type 'long?' [D:\BackEnd\ManhwaDimension\ManhwaDimension\ManhwaDimension.csproj]
D:\BackEnd\ManhwaDimension\ManhwaDimension\Controllers\Mw\SubscriptionController.cs(47,17): warning CS0472: The result of the expression is always 'false' since a value of type 'long' is never equal to 'null' of type 'long?' [D:\BackEnd\ManhwaDimension\ManhwaDimension\ManhwaDimension.csproj]
D:\BackEnd\ManhwaDimension\ManhwaDimension\ULT\Entities\PagingData.cs(5,18): warning CS8618: Non-nullable property 'DataSource' must contain a non-null value when exiting constructor. Consider adding the 'required' modifier or declaring the property as nullable. [D:\BackEnd\ManhwaDimension\ManhwaDimension\ManhwaDimension.csproj]
D:\BackEnd\ManhwaDimension\ManhwaDimension\ULT\Extentions\ConfigureServices.cs(23,86): warning CS8604: Possible null reference argument for parameter 'connectionString' in 'DbContextOptionsBuilder SqlServerDbContextOptionsExtensions.UseSqlServer(DbContextOptionsBuilder optionsBuilder, string connectionString, Action<SqlServerDbContextOptionsBuilder>? sqlServerOptionsAction = null)'. [D:\BackEnd\ManhwaDimension\ManhwaDimension\ManhwaDimension.csproj]
D:\BackEnd\ManhwaDimension\ManhwaDimension\ULT\Extentions\ConfigureServices.cs(70,47): warning CS8604: Possible null reference argument for parameter 'accessKey' in 'CloudflareR2Client.CloudflareR2Client(string accessKey, string secretKey, string bucketName, string endpoint, string accountId)'. [D:\BackEnd\ManhwaDimension\ManhwaDimension\ManhwaDimension.csproj]
D:\BackEnd\ManhwaDimension\ManhwaDimension\ULT\Extentions\ConfigureServices.cs(70,58): warning CS8604: Possible null reference argument for parameter 'secretKey' in 'CloudflareR2Client.CloudflareR2Client(string accessKey, string secretKey, string bucketName, string endpoint, string accountId)'. [D:\BackEnd\ManhwaDimension\ManhwaDimension\ManhwaDimension.csproj]
D:\BackEnd\ManhwaDimension\ManhwaDimension\ULT\Extentions\ConfigureServices.cs(70,69): warning CS8604: Possible null reference argument for parameter 'bucketName' in 'CloudflareR2Client.CloudflareR2Client(string accessKey, string secretKey, string bucketName, string endpoint, string accountId)'. [D:\BackEnd\ManhwaDimension\ManhwaDimension\ManhwaDimension.csproj]
D:\BackEnd\ManhwaDimension\ManhwaDimension\ULT\Extentions\ConfigureServices.cs(70,81): warning CS8604: Possible null reference argument for parameter 'endpoint' in 'CloudflareR2Client.CloudflareR2Client(string accessKey, string secretKey, string bucketName, string endpoint, string accountId)'. [D:\BackEnd\ManhwaDimension\ManhwaDimension\ManhwaDimension.csproj]
D:\BackEnd\ManhwaDimension\ManhwaDimension\ULT\Extentions\ConfigureServices.cs(70,91): warning CS8604: Possible null reference argument for parameter 'accountId' in 'CloudflareR2Client.CloudflareR2Client(string accessKey, string secretKey, string bucketName, string endpoint, string accountId)'. [D:\BackEnd\ManhwaDimension\ManhwaDimension\ManhwaDimension.csproj]
D:\BackEnd\ManhwaDimension\ManhwaDimension\ULT\SecurityULT.cs(213,58): warning CS8602: Dereference of a possibly null reference. [D:\BackEnd\ManhwaDimension\ManhwaDimension\ManhwaDimension.csproj]
D:\BackEnd\ManhwaDimension\ManhwaDimension\ULT\Entities\EntityBase.cs(5,21): warning CS8618: Non-nullable property 'Id' must contain a non-null value when exiting constructor. Consider adding the 'required' modifier or declaring the property as nullable. [D:\BackEnd\ManhwaDimension\ManhwaDimension\ManhwaDimension.csproj]
D:\BackEnd\ManhwaDimension\ManhwaDimension\ULT\Entities\EntityBase.cs(7,23): warning CS8618: Non-nullable property 'Name' must contain a non-null value when exiting constructor. Consider adding the 'required' modifier or declaring the property as nullable. [D:\BackEnd\ManhwaDimension\ManhwaDimension\ManhwaDimension.csproj]
D:\BackEnd\ManhwaDimension\ManhwaDimension\ULT\SecurityULT.cs(333,51): warning CS8602: Dereference of a possibly null reference. [D:\BackEnd\ManhwaDimension\ManhwaDimension\ManhwaDimension.csproj]
D:\BackEnd\ManhwaDimension\ManhwaDimension\ULT\SecurityULT.cs(334,54): warning CS8602: Dereference of a possibly null reference. [D:\BackEnd\ManhwaDimension\ManhwaDimension\ManhwaDimension.csproj]
D:\BackEnd\ManhwaDimension\ManhwaDimension\Controllers\Mw\GenreController.cs(19,42): warning CS1998: This async method lacks 'await' operators and will run synchronously. Consider using the 'await' operator to await non-blocking API calls, or 'await Task.Run(...)' to do CPU-bound work on a background thread. [D:\BackEnd\ManhwaDimension\ManhwaDimension\ManhwaDimension.csproj]
D:\BackEnd\ManhwaDimension\ManhwaDimension\ULT\Entities\ApplicationExtensions.cs(8,34): warning CS1998: This async method lacks 'await' operators and will run synchronously. Consider using the 'await' operator to await non-blocking API calls, or 'await Task.Run(...)' to do CPU-bound work on a background thread. [D:\BackEnd\ManhwaDimension\ManhwaDimension\ManhwaDimension.csproj]
D:\BackEnd\ManhwaDimension\ManhwaDimension\ULT\Entities\AccountToken.cs(6,23): warning CS8618: Non-nullable property 'Username' must contain a non-null value when exiting constructor. Consider adding the 'required' modifier or declaring the property as nullable. [D:\BackEnd\ManhwaDimension\ManhwaDimension\ManhwaDimension.csproj]
D:\BackEnd\ManhwaDimension\ManhwaDimension\ULT\Entities\AccountToken.cs(8,17): warning CS8618: Non-nullable property 'Email' must contain a non-null value when exiting constructor. Consider adding the 'required' modifier or declaring the property as nullable. [D:\BackEnd\ManhwaDimension\ManhwaDimension\ManhwaDimension.csproj]
D:\BackEnd\ManhwaDimension\ManhwaDimension\ULT\Entities\AccountToken.cs(9,17): warning CS8618: Non-nullable property 'Phone' must contain a non-null value when exiting constructor. Consider adding the 'required' modifier or declaring the property as nullable. [D:\BackEnd\ManhwaDimension\ManhwaDimension\ManhwaDimension.csproj]
D:\BackEnd\ManhwaDimension\ManhwaDimension\Controllers\Mw\ComicController.cs(48,17): warning CS0472: The result of the expression is always 'false' since a value of type 'long' is never equal to 'null' of type 'long?' [D:\BackEnd\ManhwaDimension\ManhwaDimension\ManhwaDimension.csproj]
D:\BackEnd\ManhwaDimension\ManhwaDimension\Controllers\Mw\GenreController.cs(47,17): warning CS0472: The result of the expression is always 'false' since a value of type 'int' is never equal to 'null' of type 'int?' [D:\BackEnd\ManhwaDimension\ManhwaDimension\ManhwaDimension.csproj]
D:\BackEnd\ManhwaDimension\ManhwaDimension\ULT\Extentions\StringExtension.cs(128,33): warning CS0618: 'Path.InvalidPathChars' is obsolete: 'Path.InvalidPathChars has been deprecated. Use GetInvalidPathChars or GetInvalidFileNameChars instead.' [D:\BackEnd\ManhwaDimension\ManhwaDimension\ManhwaDimension.csproj]
D:\BackEnd\ManhwaDimension\ManhwaDimension\ULT\RandomSecurityULT.cs(47,20): warning SYSLIB0023: 'RNGCryptoServiceProvider' is obsolete: 'RNGCryptoServiceProvider is obsolete. To generate a random number, use one of the RandomNumberGenerator static methods instead.' (https://aka.ms/dotnet-warnings/SYSLIB0023) [D:\BackEnd\ManhwaDimension\ManhwaDimension\ManhwaDimension.csproj]
D:\BackEnd\ManhwaDimension\ManhwaDimension\ULT\RandomSecurityULT.cs(47,55): warning SYSLIB0023: 'RNGCryptoServiceProvider' is obsolete: 'RNGCryptoServiceProvider is obsolete. To generate a random number, use one of the RandomNumberGenerator static methods instead.' (https://aka.ms/dotnet-warnings/SYSLIB0023) [D:\BackEnd\ManhwaDimension\ManhwaDimension\ManhwaDimension.csproj]
D:\BackEnd\ManhwaDimension\ManhwaDimension\ULT\RandomSecurityULT.cs(63,20): warning SYSLIB0023: 'RNGCryptoServiceProvider' is obsolete: 'RNGCryptoServiceProvider is obsolete. To generate a random number, use one of the RandomNumberGenerator static methods instead.' (https://aka.ms/dotnet-warnings/SYSLIB0023) [D:\BackEnd\ManhwaDimension\ManhwaDimension\ManhwaDimension.csproj]
D:\BackEnd\ManhwaDimension\ManhwaDimension\ULT\RandomSecurityULT.cs(63,55): warning SYSLIB0023: 'RNGCryptoServiceProvider' is obsolete: 'RNGCryptoServiceProvider is obsolete. To generate a random number, use one of the RandomNumberGenerator static methods instead.' (https://aka.ms/dotnet-warnings/SYSLIB0023) [D:\BackEnd\ManhwaDimension\ManhwaDimension\ManhwaDimension.csproj]
D:\BackEnd\ManhwaDimension\ManhwaDimension\Models\DTO\Comic\RoleDTO.cs(9,23): warning CS8618: Non-nullable property 'Name' must contain a non-null value when exiting constructor. Consider adding the 'required' modifier or declaring the property as nullable. [D:\BackEnd\ManhwaDimension\ManhwaDimension\ManhwaDimension.csproj]
D:\BackEnd\ManhwaDimension\ManhwaDimension\Models\DTO\Comic\ComicDTO.cs(8,23): warning CS8618: Non-nullable property 'Title' must contain a non-null value when exiting constructor. Consider adding the 'required' modifier or declaring the property as nullable. [D:\BackEnd\ManhwaDimension\ManhwaDimension\ManhwaDimension.csproj]
D:\BackEnd\ManhwaDimension\ManhwaDimension\Models\DTO\Comic\ComicDTO.cs(12,23): warning CS8618: Non-nullable property 'CoverImageUrl' must contain a non-null value when exiting constructor. Consider adding the 'required' modifier or declaring the property as nullable. [D:\BackEnd\ManhwaDimension\ManhwaDimension\ManhwaDimension.csproj]
D:\BackEnd\ManhwaDimension\ManhwaDimension\Models\DTO\Comic\ComicDTO.cs(15,23): warning CS8618: Non-nullable property 'Language' must contain a non-null value when exiting constructor. Consider adding the 'required' modifier or declaring the property as nullable. [D:\BackEnd\ManhwaDimension\ManhwaDimension\ManhwaDimension.csproj]
D:\BackEnd\ManhwaDimension\ManhwaDimension\Models\DTO\Comic\ComicDTO.cs(22,26): warning CS8618: Non-nullable property 'RowVersion' must contain a non-null value when exiting constructor. Consider adding the 'required' modifier or declaring the property as nullable. [D:\BackEnd\ManhwaDimension\ManhwaDimension\ManhwaDimension.csproj]
D:\BackEnd\ManhwaDimension\ManhwaDimension\ULT\Helper\ControllerHelper.cs(51,28): warning CS8603: Possible null reference return. [D:\BackEnd\ManhwaDimension\ManhwaDimension\ManhwaDimension.csproj]
D:\BackEnd\ManhwaDimension\ManhwaDimension\ULT\Helper\ControllerHelper.cs(54,24): warning CS8603: Possible null reference return. [D:\BackEnd\ManhwaDimension\ManhwaDimension\ManhwaDimension.csproj]
D:\BackEnd\ManhwaDimension\ManhwaDimension\ULT\Helper\ControllerHelper.cs(58,24): warning CS8603: Possible null reference return. [D:\BackEnd\ManhwaDimension\ManhwaDimension\ManhwaDimension.csproj]
D:\BackEnd\ManhwaDimension\ManhwaDimension\Controllers\Mw\RoleController.cs(48,17): warning CS0472: The result of the expression is always 'false' since a value of type 'long' is never equal to 'null' of type 'long?' [D:\BackEnd\ManhwaDimension\ManhwaDimension\ManhwaDimension.csproj]
D:\BackEnd\ManhwaDimension\ManhwaDimension\ULT\AppSettingConfig.cs(9,19): warning CS8618: Non-nullable field '_configuration' must contain a non-null value when exiting constructor. Consider adding the 'required' modifier or declaring the field as nullable. [D:\BackEnd\ManhwaDimension\ManhwaDimension\ManhwaDimension.csproj]
D:\BackEnd\ManhwaDimension\ManhwaDimension\ULT\AppSettingConfig.cs(38,24): warning CS8603: Possible null reference return. [D:\BackEnd\ManhwaDimension\ManhwaDimension\ManhwaDimension.csproj]
D:\BackEnd\ManhwaDimension\ManhwaDimension\ULT\Helper\ControllerHelper.cs(15,47): warning CS8602: Dereference of a possibly null reference. [D:\BackEnd\ManhwaDimension\ManhwaDimension\ManhwaDimension.csproj]
D:\BackEnd\ManhwaDimension\ManhwaDimension\ULT\AppSettingConfig.cs(49,24): warning CS8603: Possible null reference return. [D:\BackEnd\ManhwaDimension\ManhwaDimension\ManhwaDimension.csproj]
D:\BackEnd\ManhwaDimension\ManhwaDimension\ULT\AppSettingConfig.cs(51,24): warning CS8603: Possible null reference return. [D:\BackEnd\ManhwaDimension\ManhwaDimension\ManhwaDimension.csproj]
D:\BackEnd\ManhwaDimension\ManhwaDimension\ULT\AppSettingConfig.cs(60,24): warning CS8603: Possible null reference return. [D:\BackEnd\ManhwaDimension\ManhwaDimension\ManhwaDimension.csproj]
D:\BackEnd\ManhwaDimension\ManhwaDimension\ULT\AppSettingConfig.cs(62,24): warning CS8603: Possible null reference return. [D:\BackEnd\ManhwaDimension\ManhwaDimension\ManhwaDimension.csproj]
D:\BackEnd\ManhwaDimension\ManhwaDimension\ULT\Extentions\CloudflareR2ClientOptions.cs(5,23): warning CS8618: Non-nullable property 'AWSAccessKey' must contain a non-null value when exiting constructor. Consider adding the 'required' modifier or declaring the property as nullable. [D:\BackEnd\ManhwaDimension\ManhwaDimension\ManhwaDimension.csproj]
D:\BackEnd\ManhwaDimension\ManhwaDimension\ULT\Extentions\CloudflareR2ClientOptions.cs(6,23): warning CS8618: Non-nullable property 'AWSSecretKey' must contain a non-null value when exiting constructor. Consider adding the 'required' modifier or declaring the property as nullable. [D:\BackEnd\ManhwaDimension\ManhwaDimension\ManhwaDimension.csproj]
D:\BackEnd\ManhwaDimension\ManhwaDimension\ULT\AppSettingConfig.cs(68,24): warning CS8603: Possible null reference return. [D:\BackEnd\ManhwaDimension\ManhwaDimension\ManhwaDimension.csproj]
D:\BackEnd\ManhwaDimension\ManhwaDimension\ULT\AppSettingConfig.cs(72,24): warning CS8603: Possible null reference return. [D:\BackEnd\ManhwaDimension\ManhwaDimension\ManhwaDimension.csproj]
D:\BackEnd\ManhwaDimension\ManhwaDimension\ULT\Extentions\AwsClientOptions.cs(5,23): warning CS8618: Non-nullable property 'AccessKey' must contain a non-null value when exiting constructor. Consider adding the 'required' modifier or declaring the property as nullable. [D:\BackEnd\ManhwaDimension\ManhwaDimension\ManhwaDimension.csproj]
D:\BackEnd\ManhwaDimension\ManhwaDimension\ULT\Extentions\AwsClientOptions.cs(6,23): warning CS8618: Non-nullable property 'SecretKey' must contain a non-null value when exiting constructor. Consider adding the 'required' modifier or declaring the property as nullable. [D:\BackEnd\ManhwaDimension\ManhwaDimension\ManhwaDimension.csproj]
D:\BackEnd\ManhwaDimension\ManhwaDimension\ULT\Extentions\AwsClientOptions.cs(7,23): warning CS8618: Non-nullable property 'BucketName' must contain a non-null value when exiting constructor. Consider adding the 'required' modifier or declaring the property as nullable. [D:\BackEnd\ManhwaDimension\ManhwaDimension\ManhwaDimension.csproj]
D:\BackEnd\ManhwaDimension\ManhwaDimension\ULT\Extentions\AwsClientOptions.cs(8,23): warning CS8618: Non-nullable property 'Endpoint' must contain a non-null value when exiting constructor. Consider adding the 'required' modifier or declaring the property as nullable. [D:\BackEnd\ManhwaDimension\ManhwaDimension\ManhwaDimension.csproj]
D:\BackEnd\ManhwaDimension\ManhwaDimension\ULT\AppSettingConfig.cs(82,24): warning CS8603: Possible null reference return. [D:\BackEnd\ManhwaDimension\ManhwaDimension\ManhwaDimension.csproj]
D:\BackEnd\ManhwaDimension\ManhwaDimension\ULT\AppSettingConfig.cs(84,24): warning CS8603: Possible null reference return. [D:\BackEnd\ManhwaDimension\ManhwaDimension\ManhwaDimension.csproj]
D:\BackEnd\ManhwaDimension\ManhwaDimension\ULT\AppSettingConfig.cs(5,41): warning CS8618: Non-nullable field '_instance' must contain a non-null value when exiting constructor. Consider adding the 'required' modifier or declaring the field as nullable. [D:\BackEnd\ManhwaDimension\ManhwaDimension\ManhwaDimension.csproj]
D:\BackEnd\ManhwaDimension\ManhwaDimension\Repository\BaseRepository.cs(24,20): warning CS8603: Possible null reference return. [D:\BackEnd\ManhwaDimension\ManhwaDimension\ManhwaDimension.csproj]
D:\BackEnd\ManhwaDimension\ManhwaDimension\ULT\Email\SmtpSetting.cs(5,23): warning CS8618: Non-nullable property 'Server' must contain a non-null value when exiting constructor. Consider adding the 'required' modifier or declaring the property as nullable. [D:\BackEnd\ManhwaDimension\ManhwaDimension\ManhwaDimension.csproj]
D:\BackEnd\ManhwaDimension\ManhwaDimension\ULT\Email\SmtpSetting.cs(8,23): warning CS8618: Non-nullable property 'UserName' must contain a non-null value when exiting constructor. Consider adding the 'required' modifier or declaring the property as nullable. [D:\BackEnd\ManhwaDimension\ManhwaDimension\ManhwaDimension.csproj]
D:\BackEnd\ManhwaDimension\ManhwaDimension\ULT\Email\SmtpSetting.cs(9,23): warning CS8618: Non-nullable property 'Password' must contain a non-null value when exiting constructor. Consider adding the 'required' modifier or declaring the property as nullable. [D:\BackEnd\ManhwaDimension\ManhwaDimension\ManhwaDimension.csproj]
D:\BackEnd\ManhwaDimension\ManhwaDimension\ULT\Email\SmtpSetting.cs(10,23): warning CS8618: Non-nullable property 'SenderName' must contain a non-null value when exiting constructor. Consider adding the 'required' modifier or declaring the property as nullable. [D:\BackEnd\ManhwaDimension\ManhwaDimension\ManhwaDimension.csproj]
D:\BackEnd\ManhwaDimension\ManhwaDimension\ULT\Email\SmtpSetting.cs(11,23): warning CS8618: Non-nullable property 'TargetName' must contain a non-null value when exiting constructor. Consider adding the 'required' modifier or declaring the property as nullable. [D:\BackEnd\ManhwaDimension\ManhwaDimension\ManhwaDimension.csproj]
D:\BackEnd\ManhwaDimension\ManhwaDimension\Repository\TagRepository.cs(47,29): warning CS8602: Dereference of a possibly null reference. [D:\BackEnd\ManhwaDimension\ManhwaDimension\ManhwaDimension.csproj]
D:\BackEnd\ManhwaDimension\ManhwaDimension\Repository\TagRepository.cs(78,54): warning CS8602: Dereference of a possibly null reference. [D:\BackEnd\ManhwaDimension\ManhwaDimension\ManhwaDimension.csproj]
D:\BackEnd\ManhwaDimension\ManhwaDimension\ULT\BookWormULT.cs(47,20): warning SYSLIB0023: 'RNGCryptoServiceProvider' is obsolete: 'RNGCryptoServiceProvider is obsolete. To generate a random number, use one of the RandomNumberGenerator static methods instead.' (https://aka.ms/dotnet-warnings/SYSLIB0023) [D:\BackEnd\ManhwaDimension\ManhwaDimension\ManhwaDimension.csproj]
D:\BackEnd\ManhwaDimension\ManhwaDimension\ULT\BookWormULT.cs(47,55): warning SYSLIB0023: 'RNGCryptoServiceProvider' is obsolete: 'RNGCryptoServiceProvider is obsolete. To generate a random number, use one of the RandomNumberGenerator static methods instead.' (https://aka.ms/dotnet-warnings/SYSLIB0023) [D:\BackEnd\ManhwaDimension\ManhwaDimension\ManhwaDimension.csproj]
D:\BackEnd\ManhwaDimension\ManhwaDimension\Repository\BaseRepository.cs(62,23): warning CS8603: Possible null reference return. [D:\BackEnd\ManhwaDimension\ManhwaDimension\ManhwaDimension.csproj]
D:\BackEnd\ManhwaDimension\ManhwaDimension\Repository\BaseRepository.cs(64,20): warning CS8603: Possible null reference return. [D:\BackEnd\ManhwaDimension\ManhwaDimension\ManhwaDimension.csproj]
D:\BackEnd\ManhwaDimension\ManhwaDimension\ULT\Email\EmailUtil.cs(83,30): warning CS0168: The variable 'e' is declared but never used [D:\BackEnd\ManhwaDimension\ManhwaDimension\ManhwaDimension.csproj]
D:\BackEnd\ManhwaDimension\ManhwaDimension\Repository\SubscriptionRepository.cs(29,20): warning CS8603: Possible null reference return. [D:\BackEnd\ManhwaDimension\ManhwaDimension\ManhwaDimension.csproj]
D:\BackEnd\ManhwaDimension\ManhwaDimension\ULT\Email\EmailMessage.cs(5,29): warning CS8618: Non-nullable property 'ToEmails' must contain a non-null value when exiting constructor. Consider adding the 'required' modifier or declaring the property as nullable. [D:\BackEnd\ManhwaDimension\ManhwaDimension\ManhwaDimension.csproj]
D:\BackEnd\ManhwaDimension\ManhwaDimension\ULT\Email\EmailMessage.cs(6,29): warning CS8618: Non-nullable property 'CcEmails' must contain a non-null value when exiting constructor. Consider adding the 'required' modifier or declaring the property as nullable. [D:\BackEnd\ManhwaDimension\ManhwaDimension\ManhwaDimension.csproj]
D:\BackEnd\ManhwaDimension\ManhwaDimension\ULT\Email\EmailMessage.cs(7,29): warning CS8618: Non-nullable property 'BccEmails' must contain a non-null value when exiting constructor. Consider adding the 'required' modifier or declaring the property as nullable. [D:\BackEnd\ManhwaDimension\ManhwaDimension\ManhwaDimension.csproj]
D:\BackEnd\ManhwaDimension\ManhwaDimension\ULT\Email\EmailMessage.cs(8,23): warning CS8618: Non-nullable property 'Subject' must contain a non-null value when exiting constructor. Consider adding the 'required' modifier or declaring the property as nullable. [D:\BackEnd\ManhwaDimension\ManhwaDimension\ManhwaDimension.csproj]
D:\BackEnd\ManhwaDimension\ManhwaDimension\ULT\Email\EmailMessage.cs(9,23): warning CS8618: Non-nullable property 'TemplateName' must contain a non-null value when exiting constructor. Consider adding the 'required' modifier or declaring the property as nullable. [D:\BackEnd\ManhwaDimension\ManhwaDimension\ManhwaDimension.csproj]
D:\BackEnd\ManhwaDimension\ManhwaDimension\ULT\Email\EmailMessage.cs(10,23): warning CS8618: Non-nullable property 'TemplatePath' must contain a non-null value when exiting constructor. Consider adding the 'required' modifier or declaring the property as nullable. [D:\BackEnd\ManhwaDimension\ManhwaDimension\ManhwaDimension.csproj]
D:\BackEnd\ManhwaDimension\ManhwaDimension\ULT\Email\EmailMessage.cs(11,23): warning CS8618: Non-nullable property 'Model' must contain a non-null value when exiting constructor. Consider adding the 'required' modifier or declaring the property as nullable. [D:\BackEnd\ManhwaDimension\ManhwaDimension\ManhwaDimension.csproj]
D:\BackEnd\ManhwaDimension\ManhwaDimension\ULT\DTParameters\TagDTParameters.cs(5,23): warning CS8618: Non-nullable property 'SearchAll' must contain a non-null value when exiting constructor. Consider adding the 'required' modifier or declaring the property as nullable. [D:\BackEnd\ManhwaDimension\ManhwaDimension\ManhwaDimension.csproj]
D:\BackEnd\ManhwaDimension\ManhwaDimension\ULT\DTParameters\SubscriptionDTParameters.cs(5,23): warning CS8618: Non-nullable property 'SearchAll' must contain a non-null value when exiting constructor. Consider adding the 'required' modifier or declaring the property as nullable. [D:\BackEnd\ManhwaDimension\ManhwaDimension\ManhwaDimension.csproj]
D:\BackEnd\ManhwaDimension\ManhwaDimension\ULT\DTParameters\GenreDTParameters.cs(5,23): warning CS8618: Non-nullable property 'SearchAll' must contain a non-null value when exiting constructor. Consider adding the 'required' modifier or declaring the property as nullable. [D:\BackEnd\ManhwaDimension\ManhwaDimension\ManhwaDimension.csproj]
D:\BackEnd\ManhwaDimension\ManhwaDimension\ULT\DTParameters\ComicDTParameters.cs(5,23): warning CS8618: Non-nullable property 'SearchAll' must contain a non-null value when exiting constructor. Consider adding the 'required' modifier or declaring the property as nullable. [D:\BackEnd\ManhwaDimension\ManhwaDimension\ManhwaDimension.csproj]
D:\BackEnd\ManhwaDimension\ManhwaDimension\ULT\DTParameters\AuthorDTParameters.cs(5,23): warning CS8618: Non-nullable property 'SearchAll' must contain a non-null value when exiting constructor. Consider adding the 'required' modifier or declaring the property as nullable. [D:\BackEnd\ManhwaDimension\ManhwaDimension\ManhwaDimension.csproj]
D:\BackEnd\ManhwaDimension\ManhwaDimension\ULT\DTParameters\AccountDTParameters.cs(5,23): warning CS8618: Non-nullable property 'SearchAll' must contain a non-null value when exiting constructor. Consider adding the 'required' modifier or declaring the property as nullable. [D:\BackEnd\ManhwaDimension\ManhwaDimension\ManhwaDimension.csproj]
D:\BackEnd\ManhwaDimension\ManhwaDimension\Repository\ComicRepository.cs(29,20): warning CS8603: Possible null reference return. [D:\BackEnd\ManhwaDimension\ManhwaDimension\ManhwaDimension.csproj]
D:\BackEnd\ManhwaDimension\ManhwaDimension\ULT\DateTimeConverter.cs(12,35): warning CS8604: Possible null reference argument for parameter 's' in 'DateTime DateTime.Parse(string s)'. [D:\BackEnd\ManhwaDimension\ManhwaDimension\ManhwaDimension.csproj]
D:\BackEnd\ManhwaDimension\ManhwaDimension\ULT\DatatableModels.cs(32,31): warning CS8618: Non-nullable property 'data' must contain a non-null value when exiting constructor. Consider adding the 'required' modifier or declaring the property as nullable. [D:\BackEnd\ManhwaDimension\ManhwaDimension\ManhwaDimension.csproj]
D:\BackEnd\ManhwaDimension\ManhwaDimension\ULT\DatatableModels.cs(43,43): warning CS8603: Possible null reference return. [D:\BackEnd\ManhwaDimension\ManhwaDimension\ManhwaDimension.csproj]
D:\BackEnd\ManhwaDimension\ManhwaDimension\ULT\DatatableModels.cs(48,46): warning CS8603: Possible null reference return. [D:\BackEnd\ManhwaDimension\ManhwaDimension\ManhwaDimension.csproj]
D:\BackEnd\ManhwaDimension\ManhwaDimension\ULT\DatatableModels.cs(54,45): warning CS8603: Possible null reference return. [D:\BackEnd\ManhwaDimension\ManhwaDimension\ManhwaDimension.csproj]
D:\BackEnd\ManhwaDimension\ManhwaDimension\ULT\DatatableModels.cs(181,23): warning CS8618: Non-nullable property 'Value' must contain a non-null value when exiting constructor. Consider adding the 'required' modifier or declaring the property as nullable. [D:\BackEnd\ManhwaDimension\ManhwaDimension\ManhwaDimension.csproj]
D:\BackEnd\ManhwaDimension\ManhwaDimension\Repository\SubscriptionRepository.cs(67,24): warning CS8603: Possible null reference return. [D:\BackEnd\ManhwaDimension\ManhwaDimension\ManhwaDimension.csproj]
D:\BackEnd\ManhwaDimension\ManhwaDimension\Repository\SubscriptionRepository.cs(69,20): warning CS8603: Possible null reference return. [D:\BackEnd\ManhwaDimension\ManhwaDimension\ManhwaDimension.csproj]
D:\BackEnd\ManhwaDimension\ManhwaDimension\ULT\DatatableModels.cs(123,23): warning CS8618: Non-nullable property 'Data' must contain a non-null value when exiting constructor. Consider adding the 'required' modifier or declaring the property as nullable. [D:\BackEnd\ManhwaDimension\ManhwaDimension\ManhwaDimension.csproj]
D:\BackEnd\ManhwaDimension\ManhwaDimension\ULT\DatatableModels.cs(128,23): warning CS8618: Non-nullable property 'Name' must contain a non-null value when exiting constructor. Consider adding the 'required' modifier or declaring the property as nullable. [D:\BackEnd\ManhwaDimension\ManhwaDimension\ManhwaDimension.csproj]
D:\BackEnd\ManhwaDimension\ManhwaDimension\ULT\DatatableModels.cs(143,25): warning CS8618: Non-nullable property 'Search' must contain a non-null value when exiting constructor. Consider adding the 'required' modifier or declaring the property as nullable. [D:\BackEnd\ManhwaDimension\ManhwaDimension\ManhwaDimension.csproj]
D:\BackEnd\ManhwaDimension\ManhwaDimension\ULT\DatatableModels.cs(103,36): warning CS8603: Possible null reference return. [D:\BackEnd\ManhwaDimension\ManhwaDimension\ManhwaDimension.csproj]
D:\BackEnd\ManhwaDimension\ManhwaDimension\ULT\DatatableModels.cs(73,27): warning CS8618: Non-nullable property 'Columns' must contain a non-null value when exiting constructor. Consider adding the 'required' modifier or declaring the property as nullable. [D:\BackEnd\ManhwaDimension\ManhwaDimension\ManhwaDimension.csproj]
D:\BackEnd\ManhwaDimension\ManhwaDimension\ULT\DatatableModels.cs(78,26): warning CS8618: Non-nullable property 'Order' must contain a non-null value when exiting constructor. Consider adding the 'required' modifier or declaring the property as nullable. [D:\BackEnd\ManhwaDimension\ManhwaDimension\ManhwaDimension.csproj]
D:\BackEnd\ManhwaDimension\ManhwaDimension\ULT\DatatableModels.cs(98,25): warning CS8618: Non-nullable property 'Search' must contain a non-null value when exiting constructor. Consider adding the 'required' modifier or declaring the property as nullable. [D:\BackEnd\ManhwaDimension\ManhwaDimension\ManhwaDimension.csproj]
D:\BackEnd\ManhwaDimension\ManhwaDimension\ULT\BookWormULT.cs(227,33): warning SYSLIB0021: 'MD5CryptoServiceProvider' is obsolete: 'Derived cryptographic types are obsolete. Use the Create method on the base type instead.' (https://aka.ms/dotnet-warnings/SYSLIB0021) [D:\BackEnd\ManhwaDimension\ManhwaDimension\ManhwaDimension.csproj]
D:\BackEnd\ManhwaDimension\ManhwaDimension\Repository\ComicRepository.cs(67,24): warning CS8603: Possible null reference return. [D:\BackEnd\ManhwaDimension\ManhwaDimension\ManhwaDimension.csproj]
D:\BackEnd\ManhwaDimension\ManhwaDimension\Repository\ComicRepository.cs(69,20): warning CS8603: Possible null reference return. [D:\BackEnd\ManhwaDimension\ManhwaDimension\ManhwaDimension.csproj]
D:\BackEnd\ManhwaDimension\ManhwaDimension\Repository\AuthorRepository.cs(46,29): warning CS8602: Dereference of a possibly null reference. [D:\BackEnd\ManhwaDimension\ManhwaDimension\ManhwaDimension.csproj]
D:\BackEnd\ManhwaDimension\ManhwaDimension\Repository\AuthorRepository.cs(47,29): warning CS8602: Dereference of a possibly null reference. [D:\BackEnd\ManhwaDimension\ManhwaDimension\ManhwaDimension.csproj]
D:\BackEnd\ManhwaDimension\ManhwaDimension\Repository\AuthorRepository.cs(48,29): warning CS8602: Dereference of a possibly null reference. [D:\BackEnd\ManhwaDimension\ManhwaDimension\ManhwaDimension.csproj]
D:\BackEnd\ManhwaDimension\ManhwaDimension\Repository\AuthorRepository.cs(79,54): warning CS8602: Dereference of a possibly null reference. [D:\BackEnd\ManhwaDimension\ManhwaDimension\ManhwaDimension.csproj]
D:\BackEnd\ManhwaDimension\ManhwaDimension\Repository\GenreRepository.cs(47,29): warning CS8602: Dereference of a possibly null reference. [D:\BackEnd\ManhwaDimension\ManhwaDimension\ManhwaDimension.csproj]
D:\BackEnd\ManhwaDimension\ManhwaDimension\Repository\GenreRepository.cs(77,54): warning CS8602: Dereference of a possibly null reference. [D:\BackEnd\ManhwaDimension\ManhwaDimension\ManhwaDimension.csproj]
D:\BackEnd\ManhwaDimension\ManhwaDimension\Repository\ComicRepository.cs(129,29): warning CS8602: Dereference of a possibly null reference. [D:\BackEnd\ManhwaDimension\ManhwaDimension\ManhwaDimension.csproj]
D:\BackEnd\ManhwaDimension\ManhwaDimension\Repository\ComicRepository.cs(130,29): warning CS8602: Dereference of a possibly null reference. [D:\BackEnd\ManhwaDimension\ManhwaDimension\ManhwaDimension.csproj]
D:\BackEnd\ManhwaDimension\ManhwaDimension\Repository\ComicRepository.cs(131,29): warning CS8602: Dereference of a possibly null reference. [D:\BackEnd\ManhwaDimension\ManhwaDimension\ManhwaDimension.csproj]
D:\BackEnd\ManhwaDimension\ManhwaDimension\Repository\ComicRepository.cs(163,54): warning CS8602: Dereference of a possibly null reference. [D:\BackEnd\ManhwaDimension\ManhwaDimension\ManhwaDimension.csproj]
D:\BackEnd\ManhwaDimension\ManhwaDimension\Repository\ComicRepository.cs(166,54): warning CS8602: Dereference of a possibly null reference. [D:\BackEnd\ManhwaDimension\ManhwaDimension\ManhwaDimension.csproj]
D:\BackEnd\ManhwaDimension\ManhwaDimension\ULT\Extentions\ServiceExtensions.cs(13,44): warning CS0169: The field 'ServiceExtensions.httpClient' is never used [D:\BackEnd\ManhwaDimension\ManhwaDimension\ManhwaDimension.csproj]
D:\BackEnd\ManhwaDimension\ManhwaDimension\ULT\Email\EmailUtil.cs(18,31): warning CS0414: The field 'EmailUtil.currentUrlLogo' is assigned but its value is never used [D:\BackEnd\ManhwaDimension\ManhwaDimension\ManhwaDimension.csproj]
C:\Program Files\dotnet\sdk\9.0.308\Microsoft.Common.CurrentVersion.targets(5394,5): warning MSB3026: Could not copy "D:\BackEnd\ManhwaDimension\ManhwaDimension\obj\Debug\net8.0\apphost.exe" to "bin\Debug\net8.0\ManhwaDimension.exe". Beginning retry 1 in 1000ms. The process cannot access the file 'D:\BackEnd\ManhwaDimension\ManhwaDimension\bin\Debug\net8.0\ManhwaDimension.exe' because it is being used by another process. The file is locked by: "ManhwaDimension (21380)" [D:\BackEnd\ManhwaDimension\ManhwaDimension\ManhwaDimension.csproj]
C:\Program Files\dotnet\sdk\9.0.308\Microsoft.Common.CurrentVersion.targets(5394,5): warning MSB3026: Could not copy "D:\BackEnd\ManhwaDimension\ManhwaDimension\obj\Debug\net8.0\apphost.exe" to "bin\Debug\net8.0\ManhwaDimension.exe". Beginning retry 2 in 1000ms. The process cannot access the file 'D:\BackEnd\ManhwaDimension\ManhwaDimension\bin\Debug\net8.0\ManhwaDimension.exe' because it is being used by another process. The file is locked by: "ManhwaDimension (21380)" [D:\BackEnd\ManhwaDimension\ManhwaDimension\ManhwaDimension.csproj]
C:\Program Files\dotnet\sdk\9.0.308\Microsoft.Common.CurrentVersion.targets(5394,5): warning MSB3026: Could not copy "D:\BackEnd\ManhwaDimension\ManhwaDimension\obj\Debug\net8.0\apphost.exe" to "bin\Debug\net8.0\ManhwaDimension.exe". Beginning retry 3 in 1000ms. The process cannot access the file 'D:\BackEnd\ManhwaDimension\ManhwaDimension\bin\Debug\net8.0\ManhwaDimension.exe' because it is being used by another process. The file is locked by: "ManhwaDimension (21380)" [D:\BackEnd\ManhwaDimension\ManhwaDimension\ManhwaDimension.csproj]
C:\Program Files\dotnet\sdk\9.0.308\Microsoft.Common.CurrentVersion.targets(5394,5): warning MSB3026: Could not copy "D:\BackEnd\ManhwaDimension\ManhwaDimension\obj\Debug\net8.0\apphost.exe" to "bin\Debug\net8.0\ManhwaDimension.exe". Beginning retry 4 in 1000ms. The process cannot access the file 'D:\BackEnd\ManhwaDimension\ManhwaDimension\bin\Debug\net8.0\ManhwaDimension.exe' because it is being used by another process. The file is locked by: "ManhwaDimension (21380)" [D:\BackEnd\ManhwaDimension\ManhwaDimension\ManhwaDimension.csproj]
C:\Program Files\dotnet\sdk\9.0.308\Microsoft.Common.CurrentVersion.targets(5394,5): warning MSB3026: Could not copy "D:\BackEnd\ManhwaDimension\ManhwaDimension\obj\Debug\net8.0\apphost.exe" to "bin\Debug\net8.0\ManhwaDimension.exe". Beginning retry 5 in 1000ms. The process cannot access the file 'D:\BackEnd\ManhwaDimension\ManhwaDimension\bin\Debug\net8.0\ManhwaDimension.exe' because it is being used by another process. The file is locked by: "ManhwaDimension (21380)" [D:\BackEnd\ManhwaDimension\ManhwaDimension\ManhwaDimension.csproj]
C:\Program Files\dotnet\sdk\9.0.308\Microsoft.Common.CurrentVersion.targets(5394,5): warning MSB3026: Could not copy "D:\BackEnd\ManhwaDimension\ManhwaDimension\obj\Debug\net8.0\apphost.exe" to "bin\Debug\net8.0\ManhwaDimension.exe". Beginning retry 6 in 1000ms. The process cannot access the file 'D:\BackEnd\ManhwaDimension\ManhwaDimension\bin\Debug\net8.0\ManhwaDimension.exe' because it is being used by another process. The file is locked by: "ManhwaDimension (21380)" [D:\BackEnd\ManhwaDimension\ManhwaDimension\ManhwaDimension.csproj]
C:\Program Files\dotnet\sdk\9.0.308\Microsoft.Common.CurrentVersion.targets(5394,5): warning MSB3026: Could not copy "D:\BackEnd\ManhwaDimension\ManhwaDimension\obj\Debug\net8.0\apphost.exe" to "bin\Debug\net8.0\ManhwaDimension.exe". Beginning retry 7 in 1000ms. The process cannot access the file 'D:\BackEnd\ManhwaDimension\ManhwaDimension\bin\Debug\net8.0\ManhwaDimension.exe' because it is being used by another process. The file is locked by: "ManhwaDimension (21380)" [D:\BackEnd\ManhwaDimension\ManhwaDimension\ManhwaDimension.csproj]
C:\Program Files\dotnet\sdk\9.0.308\Microsoft.Common.CurrentVersion.targets(5394,5): warning MSB3026: Could not copy "D:\BackEnd\ManhwaDimension\ManhwaDimension\obj\Debug\net8.0\apphost.exe" to "bin\Debug\net8.0\ManhwaDimension.exe". Beginning retry 8 in 1000ms. The process cannot access the file 'D:\BackEnd\ManhwaDimension\ManhwaDimension\bin\Debug\net8.0\ManhwaDimension.exe' because it is being used by another process. The file is locked by: "ManhwaDimension (21380)" [D:\BackEnd\ManhwaDimension\ManhwaDimension\ManhwaDimension.csproj]
C:\Program Files\dotnet\sdk\9.0.308\Microsoft.Common.CurrentVersion.targets(5394,5): warning MSB3026: Could not copy "D:\BackEnd\ManhwaDimension\ManhwaDimension\obj\Debug\net8.0\apphost.exe" to "bin\Debug\net8.0\ManhwaDimension.exe". Beginning retry 9 in 1000ms. The process cannot access the file 'D:\BackEnd\ManhwaDimension\ManhwaDimension\bin\Debug\net8.0\ManhwaDimension.exe' because it is being used by another process. The file is locked by: "ManhwaDimension (21380)" [D:\BackEnd\ManhwaDimension\ManhwaDimension\ManhwaDimension.csproj]
C:\Program Files\dotnet\sdk\9.0.308\Microsoft.Common.CurrentVersion.targets(5394,5): warning MSB3026: Could not copy "D:\BackEnd\ManhwaDimension\ManhwaDimension\obj\Debug\net8.0\apphost.exe" to "bin\Debug\net8.0\ManhwaDimension.exe". Beginning retry 10 in 1000ms. The process cannot access the file 'D:\BackEnd\ManhwaDimension\ManhwaDimension\bin\Debug\net8.0\ManhwaDimension.exe' because it is being used by another process. The file is locked by: "ManhwaDimension (21380)" [D:\BackEnd\ManhwaDimension\ManhwaDimension\ManhwaDimension.csproj]
C:\Program Files\dotnet\sdk\9.0.308\Microsoft.Common.CurrentVersion.targets(5394,5): error MSB3027: Could not copy "D:\BackEnd\ManhwaDimension\ManhwaDimension\obj\Debug\net8.0\apphost.exe" to "bin\Debug\net8.0\ManhwaDimension.exe". Exceeded retry count of 10. Failed. The file is locked by: "ManhwaDimension (21380)" [D:\BackEnd\ManhwaDimension\ManhwaDimension\ManhwaDimension.csproj]
C:\Program Files\dotnet\sdk\9.0.308\Microsoft.Common.CurrentVersion.targets(5394,5): error MSB3021: Unable to copy file "D:\BackEnd\ManhwaDimension\ManhwaDimension\obj\Debug\net8.0\apphost.exe" to "bin\Debug\net8.0\ManhwaDimension.exe". The process cannot access the file 'D:\BackEnd\ManhwaDimension\ManhwaDimension\bin\Debug\net8.0\ManhwaDimension.exe' because it is being used by another process. [D:\BackEnd\ManhwaDimension\ManhwaDimension\ManhwaDimension.csproj]

Build FAILED.

D:\BackEnd\ManhwaDimension\ManhwaDimension\ManhwaDimension.csproj : warning NU1903: Package 'SixLabors.ImageSharp' 3.0.1 has a known high severity vulnerability, https://github.com/advisories/GHSA-2cmq-823j-5qj8
D:\BackEnd\ManhwaDimension\ManhwaDimension\ManhwaDimension.csproj : warning NU1902: Package 'SixLabors.ImageSharp' 3.0.1 has a known moderate severity vulnerability, https://github.com/advisories/GHSA-5x7m-6737-26cr
D:\BackEnd\ManhwaDimension\ManhwaDimension\ManhwaDimension.csproj : warning NU1903: Package 'SixLabors.ImageSharp' 3.0.1 has a known high severity vulnerability, https://github.com/advisories/GHSA-63p8-c4ww-9cg7
D:\BackEnd\ManhwaDimension\ManhwaDimension\ManhwaDimension.csproj : warning NU1903: Package 'SixLabors.ImageSharp' 3.0.1 has a known high severity vulnerability, https://github.com/advisories/GHSA-65x7-c272-7g7r
D:\BackEnd\ManhwaDimension\ManhwaDimension\ManhwaDimension.csproj : warning NU1902: Package 'SixLabors.ImageSharp' 3.0.1 has a known moderate severity vulnerability, https://github.com/advisories/GHSA-g85r-6x2q-45w7
D:\BackEnd\ManhwaDimension\ManhwaDimension\ManhwaDimension.csproj : warning NU1902: Package 'SixLabors.ImageSharp' 3.0.1 has a known moderate severity vulnerability, https://github.com/advisories/GHSA-qxrv-gp6x-rc23
D:\BackEnd\ManhwaDimension\ManhwaDimension\ManhwaDimension.csproj : warning NU1902: Package 'SixLabors.ImageSharp' 3.0.1 has a known moderate severity vulnerability, https://github.com/advisories/GHSA-rxmq-m78w-7wmc
D:\BackEnd\ManhwaDimension\ManhwaDimension\ManhwaDimension.csproj : warning NU1903: Package 'System.Text.Json' 6.0.0 has a known high severity vulnerability, https://github.com/advisories/GHSA-8g4q-xg66-9fp4
D:\BackEnd\ManhwaDimension\ManhwaDimension\ManhwaDimension.csproj : warning NU1903: Package 'SixLabors.ImageSharp' 3.0.1 has a known high severity vulnerability, https://github.com/advisories/GHSA-2cmq-823j-5qj8
D:\BackEnd\ManhwaDimension\ManhwaDimension\ManhwaDimension.csproj : warning NU1902: Package 'SixLabors.ImageSharp' 3.0.1 has a known moderate severity vulnerability, https://github.com/advisories/GHSA-5x7m-6737-26cr
D:\BackEnd\ManhwaDimension\ManhwaDimension\ManhwaDimension.csproj : warning NU1903: Package 'SixLabors.ImageSharp' 3.0.1 has a known high severity vulnerability, https://github.com/advisories/GHSA-63p8-c4ww-9cg7
D:\BackEnd\ManhwaDimension\ManhwaDimension\ManhwaDimension.csproj : warning NU1903: Package 'SixLabors.ImageSharp' 3.0.1 has a known high severity vulnerability, https://github.com/advisories/GHSA-65x7-c272-7g7r
D:\BackEnd\ManhwaDimension\ManhwaDimension\ManhwaDimension.csproj : warning NU1902: Package 'SixLabors.ImageSharp' 3.0.1 has a known moderate severity vulnerability, https://github.com/advisories/GHSA-g85r-6x2q-45w7
D:\BackEnd\ManhwaDimension\ManhwaDimension\ManhwaDimension.csproj : warning NU1902: Package 'SixLabors.ImageSharp' 3.0.1 has a known moderate severity vulnerability, https://github.com/advisories/GHSA-qxrv-gp6x-rc23
D:\BackEnd\ManhwaDimension\ManhwaDimension\ManhwaDimension.csproj : warning NU1902: Package 'SixLabors.ImageSharp' 3.0.1 has a known moderate severity vulnerability, https://github.com/advisories/GHSA-rxmq-m78w-7wmc
D:\BackEnd\ManhwaDimension\ManhwaDimension\ManhwaDimension.csproj : warning NU1903: Package 'System.Text.Json' 6.0.0 has a known high severity vulnerability, https://github.com/advisories/GHSA-8g4q-xg66-9fp4
D:\BackEnd\ManhwaDimension\ManhwaDimension\Models\BookwormDbContext.cs(56,10): warning CS1030: #warning: 'To protect potentially sensitive information in your connection string, you should move it out of source code. You can avoid scaffolding the connection string by using the Name= syntax to read it from configuration - see https://go.microsoft.com/fwlink/?linkid=2131148. For more guidance on storing connection strings, see http://go.microsoft.com/fwlink/?LinkId=723263.' [D:\BackEnd\ManhwaDimension\ManhwaDimension\ManhwaDimension.csproj]
D:\BackEnd\ManhwaDimension\ManhwaDimension\ULT\AppSettingConfig.cs(46,38): warning CS8625: Cannot convert null literal to non-nullable reference type. [D:\BackEnd\ManhwaDimension\ManhwaDimension\ManhwaDimension.csproj]
D:\BackEnd\ManhwaDimension\ManhwaDimension\ULT\AppSettingConfig.cs(65,51): warning CS8625: Cannot convert null literal to non-nullable reference type. [D:\BackEnd\ManhwaDimension\ManhwaDimension\ManhwaDimension.csproj]
D:\BackEnd\ManhwaDimension\ManhwaDimension\ULT\Entities\EntityCommon.cs(8,23): warning CS0108: 'EntityCommon<TKey>.Name' hides inherited member 'EntityBase<TKey>.Name'. Use the new keyword if hiding was intended. [D:\BackEnd\ManhwaDimension\ManhwaDimension\ManhwaDimension.csproj]
D:\BackEnd\ManhwaDimension\ManhwaDimension\Models\ViewModel\RoleRightViewModel.cs(5,23): warning CS8618: Non-nullable property 'RoleName' must contain a non-null value when exiting constructor. Consider adding the 'required' modifier or declaring the property as nullable. [D:\BackEnd\ManhwaDimension\ManhwaDimension\ManhwaDimension.csproj]
D:\BackEnd\ManhwaDimension\ManhwaDimension\Models\ViewModel\RoleRightViewModel.cs(7,23): warning CS8618: Non-nullable property 'MenuName' must contain a non-null value when exiting constructor. Consider adding the 'required' modifier or declaring the property as nullable. [D:\BackEnd\ManhwaDimension\ManhwaDimension\ManhwaDimension.csproj]
D:\BackEnd\ManhwaDimension\ManhwaDimension\Models\ViewModel\RoleMenuViewModel.cs(5,23): warning CS8618: Non-nullable property 'RoleName' must contain a non-null value when exiting constructor. Consider adding the 'required' modifier or declaring the property as nullable. [D:\BackEnd\ManhwaDimension\ManhwaDimension\ManhwaDimension.csproj]
D:\BackEnd\ManhwaDimension\ManhwaDimension\Models\ViewModel\RoleMenuViewModel.cs(7,23): warning CS8618: Non-nullable property 'MenuName' must contain a non-null value when exiting constructor. Consider adding the 'required' modifier or declaring the property as nullable. [D:\BackEnd\ManhwaDimension\ManhwaDimension\ManhwaDimension.csproj]
D:\BackEnd\ManhwaDimension\ManhwaDimension\Controllers\Admin\AdminController.cs(15,42): warning CS1998: This async method lacks 'await' operators and will run synchronously. Consider using the 'await' operator to await non-blocking API calls, or 'await Task.Run(...)' to do CPU-bound work on a background thread. [D:\BackEnd\ManhwaDimension\ManhwaDimension\ManhwaDimension.csproj]
D:\BackEnd\ManhwaDimension\ManhwaDimension\Constants\UploadFileConstant.cs(618,57): warning CS8600: Converting null literal or possible null value to non-nullable type. [D:\BackEnd\ManhwaDimension\ManhwaDimension\ManhwaDimension.csproj]
D:\BackEnd\ManhwaDimension\ManhwaDimension\Program.cs(29,9): warning CS8604: Possible null reference argument for parameter 'connectionString' in 'DbContextOptionsBuilder SqlServerDbContextOptionsExtensions.UseSqlServer(DbContextOptionsBuilder optionsBuilder, string connectionString, Action<SqlServerDbContextOptionsBuilder>? sqlServerOptionsAction = null)'. [D:\BackEnd\ManhwaDimension\ManhwaDimension\ManhwaDimension.csproj]
D:\BackEnd\ManhwaDimension\ManhwaDimension\ULT\Entities\SignIningResponse.cs(25,23): warning CS8618: Non-nullable property 'ExpireTimeFormatted' must contain a non-null value when exiting constructor. Consider adding the 'required' modifier or declaring the property as nullable. [D:\BackEnd\ManhwaDimension\ManhwaDimension\ManhwaDimension.csproj]
D:\BackEnd\ManhwaDimension\ManhwaDimension\Controllers\Mw\TagController.cs(47,17): warning CS0472: The result of the expression is always 'false' since a value of type 'long' is never equal to 'null' of type 'long?' [D:\BackEnd\ManhwaDimension\ManhwaDimension\ManhwaDimension.csproj]
D:\BackEnd\ManhwaDimension\ManhwaDimension\Models\Response\DionCVResponse.cs(16,16): warning CS8618: Non-nullable property 'value' must contain a non-null value when exiting constructor. Consider adding the 'required' modifier or declaring the property as nullable. [D:\BackEnd\ManhwaDimension\ManhwaDimension\ManhwaDimension.csproj]
D:\BackEnd\ManhwaDimension\ManhwaDimension\Models\Response\DionCVResponse.cs(16,16): warning CS8618: Non-nullable property 'resources' must contain a non-null value when exiting constructor. Consider adding the 'required' modifier or declaring the property as nullable. [D:\BackEnd\ManhwaDimension\ManhwaDimension\ManhwaDimension.csproj]
D:\BackEnd\ManhwaDimension\ManhwaDimension\Models\Response\DionCVResponse.cs(16,16): warning CS8618: Non-nullable property 'title' must contain a non-null value when exiting constructor. Consider adding the 'required' modifier or declaring the property as nullable. [D:\BackEnd\ManhwaDimension\ManhwaDimension\ManhwaDimension.csproj]
D:\BackEnd\ManhwaDimension\ManhwaDimension\Models\Response\DionCVResponse.cs(22,16): warning CS8618: Non-nullable property 'value' must contain a non-null value when exiting constructor. Consider adding the 'required' modifier or declaring the property as nullable. [D:\BackEnd\ManhwaDimension\ManhwaDimension\ManhwaDimension.csproj]
D:\BackEnd\ManhwaDimension\ManhwaDimension\Models\Response\DionCVResponse.cs(22,16): warning CS8618: Non-nullable property 'data' must contain a non-null value when exiting constructor. Consider adding the 'required' modifier or declaring the property as nullable. [D:\BackEnd\ManhwaDimension\ManhwaDimension\ManhwaDimension.csproj]
D:\BackEnd\ManhwaDimension\ManhwaDimension\Models\Response\DionCVResponse.cs(22,16): warning CS8618: Non-nullable property 'title' must contain a non-null value when exiting constructor. Consider adding the 'required' modifier or declaring the property as nullable. [D:\BackEnd\ManhwaDimension\ManhwaDimension\ManhwaDimension.csproj]
D:\BackEnd\ManhwaDimension\ManhwaDimension\Models\Response\DionCVResponse.cs(28,16): warning CS8618: Non-nullable property 'value' must contain a non-null value when exiting constructor. Consider adding the 'required' modifier or declaring the property as nullable. [D:\BackEnd\ManhwaDimension\ManhwaDimension\ManhwaDimension.csproj]
D:\BackEnd\ManhwaDimension\ManhwaDimension\Models\Response\DionCVResponse.cs(28,16): warning CS8618: Non-nullable property 'data' must contain a non-null value when exiting constructor. Consider adding the 'required' modifier or declaring the property as nullable. [D:\BackEnd\ManhwaDimension\ManhwaDimension\ManhwaDimension.csproj]
D:\BackEnd\ManhwaDimension\ManhwaDimension\Models\Response\DionCVResponse.cs(28,16): warning CS8618: Non-nullable property 'resources' must contain a non-null value when exiting constructor. Consider adding the 'required' modifier or declaring the property as nullable. [D:\BackEnd\ManhwaDimension\ManhwaDimension\ManhwaDimension.csproj]
D:\BackEnd\ManhwaDimension\ManhwaDimension\Models\Response\DionCVResponse.cs(28,16): warning CS8618: Non-nullable property 'title' must contain a non-null value when exiting constructor. Consider adding the 'required' modifier or declaring the property as nullable. [D:\BackEnd\ManhwaDimension\ManhwaDimension\ManhwaDimension.csproj]
D:\BackEnd\ManhwaDimension\ManhwaDimension\Models\Response\DionCVResponse.cs(34,16): warning CS8618: Non-nullable property 'status' must contain a non-null value when exiting constructor. Consider adding the 'required' modifier or declaring the property as nullable. [D:\BackEnd\ManhwaDimension\ManhwaDimension\ManhwaDimension.csproj]
D:\BackEnd\ManhwaDimension\ManhwaDimension\Models\Response\DionCVResponse.cs(34,16): warning CS8618: Non-nullable property 'message' must contain a non-null value when exiting constructor. Consider adding the 'required' modifier or declaring the property as nullable. [D:\BackEnd\ManhwaDimension\ManhwaDimension\ManhwaDimension.csproj]
D:\BackEnd\ManhwaDimension\ManhwaDimension\Models\Response\DionCVResponse.cs(34,16): warning CS8618: Non-nullable property 'value' must contain a non-null value when exiting constructor. Consider adding the 'required' modifier or declaring the property as nullable. [D:\BackEnd\ManhwaDimension\ManhwaDimension\ManhwaDimension.csproj]
D:\BackEnd\ManhwaDimension\ManhwaDimension\Models\Response\DionCVResponse.cs(34,16): warning CS8618: Non-nullable property 'data' must contain a non-null value when exiting constructor. Consider adding the 'required' modifier or declaring the property as nullable. [D:\BackEnd\ManhwaDimension\ManhwaDimension\ManhwaDimension.csproj]
D:\BackEnd\ManhwaDimension\ManhwaDimension\Models\Response\DionCVResponse.cs(34,16): warning CS8618: Non-nullable property 'resources' must contain a non-null value when exiting constructor. Consider adding the 'required' modifier or declaring the property as nullable. [D:\BackEnd\ManhwaDimension\ManhwaDimension\ManhwaDimension.csproj]
D:\BackEnd\ManhwaDimension\ManhwaDimension\Models\Response\DionCVResponse.cs(34,16): warning CS8618: Non-nullable property 'title' must contain a non-null value when exiting constructor. Consider adding the 'required' modifier or declaring the property as nullable. [D:\BackEnd\ManhwaDimension\ManhwaDimension\ManhwaDimension.csproj]
D:\BackEnd\ManhwaDimension\ManhwaDimension\Models\Response\DionCVResponse.cs(43,27): warning CS8601: Possible null reference assignment. [D:\BackEnd\ManhwaDimension\ManhwaDimension\ManhwaDimension.csproj]
D:\BackEnd\ManhwaDimension\ManhwaDimension\Models\Response\DionCVResponse.cs(44,29): warning CS8601: Possible null reference assignment. [D:\BackEnd\ManhwaDimension\ManhwaDimension\ManhwaDimension.csproj]
D:\BackEnd\ManhwaDimension\ManhwaDimension\ULT\Extentions\ServiceExtensions.cs(48,40): warning CS8604: Possible null reference argument for parameter 'origins' in 'CorsPolicyBuilder CorsPolicyBuilder.WithOrigins(params string[] origins)'. [D:\BackEnd\ManhwaDimension\ManhwaDimension\ManhwaDimension.csproj]
D:\BackEnd\ManhwaDimension\ManhwaDimension\ULT\Extentions\ServiceExtensions.cs(104,30): warning CS8604: Possible null reference argument for parameter 's' in 'byte[] Encoding.GetBytes(string s)'. [D:\BackEnd\ManhwaDimension\ManhwaDimension\ManhwaDimension.csproj]
D:\BackEnd\ManhwaDimension\ManhwaDimension\ULT\Extentions\ServiceExtensions.cs(13,44): warning CS8618: Non-nullable field 'httpClient' must contain a non-null value when exiting constructor. Consider adding the 'required' modifier or declaring the field as nullable. [D:\BackEnd\ManhwaDimension\ManhwaDimension\ManhwaDimension.csproj]
D:\BackEnd\ManhwaDimension\ManhwaDimension\Controllers\Mw\AuthorController.cs(47,17): warning CS0472: The result of the expression is always 'false' since a value of type 'long' is never equal to 'null' of type 'long?' [D:\BackEnd\ManhwaDimension\ManhwaDimension\ManhwaDimension.csproj]
D:\BackEnd\ManhwaDimension\ManhwaDimension\Controllers\Mw\SubscriptionController.cs(47,17): warning CS0472: The result of the expression is always 'false' since a value of type 'long' is never equal to 'null' of type 'long?' [D:\BackEnd\ManhwaDimension\ManhwaDimension\ManhwaDimension.csproj]
D:\BackEnd\ManhwaDimension\ManhwaDimension\ULT\Entities\PagingData.cs(5,18): warning CS8618: Non-nullable property 'DataSource' must contain a non-null value when exiting constructor. Consider adding the 'required' modifier or declaring the property as nullable. [D:\BackEnd\ManhwaDimension\ManhwaDimension\ManhwaDimension.csproj]
D:\BackEnd\ManhwaDimension\ManhwaDimension\ULT\Extentions\ConfigureServices.cs(23,86): warning CS8604: Possible null reference argument for parameter 'connectionString' in 'DbContextOptionsBuilder SqlServerDbContextOptionsExtensions.UseSqlServer(DbContextOptionsBuilder optionsBuilder, string connectionString, Action<SqlServerDbContextOptionsBuilder>? sqlServerOptionsAction = null)'. [D:\BackEnd\ManhwaDimension\ManhwaDimension\ManhwaDimension.csproj]
D:\BackEnd\ManhwaDimension\ManhwaDimension\ULT\Extentions\ConfigureServices.cs(70,47): warning CS8604: Possible null reference argument for parameter 'accessKey' in 'CloudflareR2Client.CloudflareR2Client(string accessKey, string secretKey, string bucketName, string endpoint, string accountId)'. [D:\BackEnd\ManhwaDimension\ManhwaDimension\ManhwaDimension.csproj]
D:\BackEnd\ManhwaDimension\ManhwaDimension\ULT\Extentions\ConfigureServices.cs(70,58): warning CS8604: Possible null reference argument for parameter 'secretKey' in 'CloudflareR2Client.CloudflareR2Client(string accessKey, string secretKey, string bucketName, string endpoint, string accountId)'. [D:\BackEnd\ManhwaDimension\ManhwaDimension\ManhwaDimension.csproj]
D:\BackEnd\ManhwaDimension\ManhwaDimension\ULT\Extentions\ConfigureServices.cs(70,69): warning CS8604: Possible null reference argument for parameter 'bucketName' in 'CloudflareR2Client.CloudflareR2Client(string accessKey, string secretKey, string bucketName, string endpoint, string accountId)'. [D:\BackEnd\ManhwaDimension\ManhwaDimension\ManhwaDimension.csproj]
D:\BackEnd\ManhwaDimension\ManhwaDimension\ULT\Extentions\ConfigureServices.cs(70,81): warning CS8604: Possible null reference argument for parameter 'endpoint' in 'CloudflareR2Client.CloudflareR2Client(string accessKey, string secretKey, string bucketName, string endpoint, string accountId)'. [D:\BackEnd\ManhwaDimension\ManhwaDimension\ManhwaDimension.csproj]
D:\BackEnd\ManhwaDimension\ManhwaDimension\ULT\Extentions\ConfigureServices.cs(70,91): warning CS8604: Possible null reference argument for parameter 'accountId' in 'CloudflareR2Client.CloudflareR2Client(string accessKey, string secretKey, string bucketName, string endpoint, string accountId)'. [D:\BackEnd\ManhwaDimension\ManhwaDimension\ManhwaDimension.csproj]
D:\BackEnd\ManhwaDimension\ManhwaDimension\ULT\SecurityULT.cs(213,58): warning CS8602: Dereference of a possibly null reference. [D:\BackEnd\ManhwaDimension\ManhwaDimension\ManhwaDimension.csproj]
D:\BackEnd\ManhwaDimension\ManhwaDimension\ULT\Entities\EntityBase.cs(5,21): warning CS8618: Non-nullable property 'Id' must contain a non-null value when exiting constructor. Consider adding the 'required' modifier or declaring the property as nullable. [D:\BackEnd\ManhwaDimension\ManhwaDimension\ManhwaDimension.csproj]
D:\BackEnd\ManhwaDimension\ManhwaDimension\ULT\Entities\EntityBase.cs(7,23): warning CS8618: Non-nullable property 'Name' must contain a non-null value when exiting constructor. Consider adding the 'required' modifier or declaring the property as nullable. [D:\BackEnd\ManhwaDimension\ManhwaDimension\ManhwaDimension.csproj]
D:\BackEnd\ManhwaDimension\ManhwaDimension\ULT\SecurityULT.cs(333,51): warning CS8602: Dereference of a possibly null reference. [D:\BackEnd\ManhwaDimension\ManhwaDimension\ManhwaDimension.csproj]
D:\BackEnd\ManhwaDimension\ManhwaDimension\ULT\SecurityULT.cs(334,54): warning CS8602: Dereference of a possibly null reference. [D:\BackEnd\ManhwaDimension\ManhwaDimension\ManhwaDimension.csproj]
D:\BackEnd\ManhwaDimension\ManhwaDimension\Controllers\Mw\GenreController.cs(19,42): warning CS1998: This async method lacks 'await' operators and will run synchronously. Consider using the 'await' operator to await non-blocking API calls, or 'await Task.Run(...)' to do CPU-bound work on a background thread. [D:\BackEnd\ManhwaDimension\ManhwaDimension\ManhwaDimension.csproj]
D:\BackEnd\ManhwaDimension\ManhwaDimension\ULT\Entities\ApplicationExtensions.cs(8,34): warning CS1998: This async method lacks 'await' operators and will run synchronously. Consider using the 'await' operator to await non-blocking API calls, or 'await Task.Run(...)' to do CPU-bound work on a background thread. [D:\BackEnd\ManhwaDimension\ManhwaDimension\ManhwaDimension.csproj]
D:\BackEnd\ManhwaDimension\ManhwaDimension\ULT\Entities\AccountToken.cs(6,23): warning CS8618: Non-nullable property 'Username' must contain a non-null value when exiting constructor. Consider adding the 'required' modifier or declaring the property as nullable. [D:\BackEnd\ManhwaDimension\ManhwaDimension\ManhwaDimension.csproj]
D:\BackEnd\ManhwaDimension\ManhwaDimension\ULT\Entities\AccountToken.cs(8,17): warning CS8618: Non-nullable property 'Email' must contain a non-null value when exiting constructor. Consider adding the 'required' modifier or declaring the property as nullable. [D:\BackEnd\ManhwaDimension\ManhwaDimension\ManhwaDimension.csproj]
D:\BackEnd\ManhwaDimension\ManhwaDimension\ULT\Entities\AccountToken.cs(9,17): warning CS8618: Non-nullable property 'Phone' must contain a non-null value when exiting constructor. Consider adding the 'required' modifier or declaring the property as nullable. [D:\BackEnd\ManhwaDimension\ManhwaDimension\ManhwaDimension.csproj]
D:\BackEnd\ManhwaDimension\ManhwaDimension\Controllers\Mw\ComicController.cs(48,17): warning CS0472: The result of the expression is always 'false' since a value of type 'long' is never equal to 'null' of type 'long?' [D:\BackEnd\ManhwaDimension\ManhwaDimension\ManhwaDimension.csproj]
D:\BackEnd\ManhwaDimension\ManhwaDimension\Controllers\Mw\GenreController.cs(47,17): warning CS0472: The result of the expression is always 'false' since a value of type 'int' is never equal to 'null' of type 'int?' [D:\BackEnd\ManhwaDimension\ManhwaDimension\ManhwaDimension.csproj]
D:\BackEnd\ManhwaDimension\ManhwaDimension\ULT\Extentions\StringExtension.cs(128,33): warning CS0618: 'Path.InvalidPathChars' is obsolete: 'Path.InvalidPathChars has been deprecated. Use GetInvalidPathChars or GetInvalidFileNameChars instead.' [D:\BackEnd\ManhwaDimension\ManhwaDimension\ManhwaDimension.csproj]
D:\BackEnd\ManhwaDimension\ManhwaDimension\ULT\RandomSecurityULT.cs(47,20): warning SYSLIB0023: 'RNGCryptoServiceProvider' is obsolete: 'RNGCryptoServiceProvider is obsolete. To generate a random number, use one of the RandomNumberGenerator static methods instead.' (https://aka.ms/dotnet-warnings/SYSLIB0023) [D:\BackEnd\ManhwaDimension\ManhwaDimension\ManhwaDimension.csproj]
D:\BackEnd\ManhwaDimension\ManhwaDimension\ULT\RandomSecurityULT.cs(47,55): warning SYSLIB0023: 'RNGCryptoServiceProvider' is obsolete: 'RNGCryptoServiceProvider is obsolete. To generate a random number, use one of the RandomNumberGenerator static methods instead.' (https://aka.ms/dotnet-warnings/SYSLIB0023) [D:\BackEnd\ManhwaDimension\ManhwaDimension\ManhwaDimension.csproj]
D:\BackEnd\ManhwaDimension\ManhwaDimension\ULT\RandomSecurityULT.cs(63,20): warning SYSLIB0023: 'RNGCryptoServiceProvider' is obsolete: 'RNGCryptoServiceProvider is obsolete. To generate a random number, use one of the RandomNumberGenerator static methods instead.' (https://aka.ms/dotnet-warnings/SYSLIB0023) [D:\BackEnd\ManhwaDimension\ManhwaDimension\ManhwaDimension.csproj]
D:\BackEnd\ManhwaDimension\ManhwaDimension\ULT\RandomSecurityULT.cs(63,55): warning SYSLIB0023: 'RNGCryptoServiceProvider' is obsolete: 'RNGCryptoServiceProvider is obsolete. To generate a random number, use one of the RandomNumberGenerator static methods instead.' (https://aka.ms/dotnet-warnings/SYSLIB0023) [D:\BackEnd\ManhwaDimension\ManhwaDimension\ManhwaDimension.csproj]
D:\BackEnd\ManhwaDimension\ManhwaDimension\Models\DTO\Comic\RoleDTO.cs(9,23): warning CS8618: Non-nullable property 'Name' must contain a non-null value when exiting constructor. Consider adding the 'required' modifier or declaring the property as nullable. [D:\BackEnd\ManhwaDimension\ManhwaDimension\ManhwaDimension.csproj]
D:\BackEnd\ManhwaDimension\ManhwaDimension\Models\DTO\Comic\ComicDTO.cs(8,23): warning CS8618: Non-nullable property 'Title' must contain a non-null value when exiting constructor. Consider adding the 'required' modifier or declaring the property as nullable. [D:\BackEnd\ManhwaDimension\ManhwaDimension\ManhwaDimension.csproj]
D:\BackEnd\ManhwaDimension\ManhwaDimension\Models\DTO\Comic\ComicDTO.cs(12,23): warning CS8618: Non-nullable property 'CoverImageUrl' must contain a non-null value when exiting constructor. Consider adding the 'required' modifier or declaring the property as nullable. [D:\BackEnd\ManhwaDimension\ManhwaDimension\ManhwaDimension.csproj]
D:\BackEnd\ManhwaDimension\ManhwaDimension\Models\DTO\Comic\ComicDTO.cs(15,23): warning CS8618: Non-nullable property 'Language' must contain a non-null value when exiting constructor. Consider adding the 'required' modifier or declaring the property as nullable. [D:\BackEnd\ManhwaDimension\ManhwaDimension\ManhwaDimension.csproj]
D:\BackEnd\ManhwaDimension\ManhwaDimension\Models\DTO\Comic\ComicDTO.cs(22,26): warning CS8618: Non-nullable property 'RowVersion' must contain a non-null value when exiting constructor. Consider adding the 'required' modifier or declaring the property as nullable. [D:\BackEnd\ManhwaDimension\ManhwaDimension\ManhwaDimension.csproj]
D:\BackEnd\ManhwaDimension\ManhwaDimension\ULT\Helper\ControllerHelper.cs(51,28): warning CS8603: Possible null reference return. [D:\BackEnd\ManhwaDimension\ManhwaDimension\ManhwaDimension.csproj]
D:\BackEnd\ManhwaDimension\ManhwaDimension\ULT\Helper\ControllerHelper.cs(54,24): warning CS8603: Possible null reference return. [D:\BackEnd\ManhwaDimension\ManhwaDimension\ManhwaDimension.csproj]
D:\BackEnd\ManhwaDimension\ManhwaDimension\ULT\Helper\ControllerHelper.cs(58,24): warning CS8603: Possible null reference return. [D:\BackEnd\ManhwaDimension\ManhwaDimension\ManhwaDimension.csproj]
D:\BackEnd\ManhwaDimension\ManhwaDimension\Controllers\Mw\RoleController.cs(48,17): warning CS0472: The result of the expression is always 'false' since a value of type 'long' is never equal to 'null' of type 'long?' [D:\BackEnd\ManhwaDimension\ManhwaDimension\ManhwaDimension.csproj]
D:\BackEnd\ManhwaDimension\ManhwaDimension\ULT\AppSettingConfig.cs(9,19): warning CS8618: Non-nullable field '_configuration' must contain a non-null value when exiting constructor. Consider adding the 'required' modifier or declaring the field as nullable. [D:\BackEnd\ManhwaDimension\ManhwaDimension\ManhwaDimension.csproj]
D:\BackEnd\ManhwaDimension\ManhwaDimension\ULT\AppSettingConfig.cs(38,24): warning CS8603: Possible null reference return. [D:\BackEnd\ManhwaDimension\ManhwaDimension\ManhwaDimension.csproj]
D:\BackEnd\ManhwaDimension\ManhwaDimension\ULT\Helper\ControllerHelper.cs(15,47): warning CS8602: Dereference of a possibly null reference. [D:\BackEnd\ManhwaDimension\ManhwaDimension\ManhwaDimension.csproj]
D:\BackEnd\ManhwaDimension\ManhwaDimension\ULT\AppSettingConfig.cs(49,24): warning CS8603: Possible null reference return. [D:\BackEnd\ManhwaDimension\ManhwaDimension\ManhwaDimension.csproj]
D:\BackEnd\ManhwaDimension\ManhwaDimension\ULT\AppSettingConfig.cs(51,24): warning CS8603: Possible null reference return. [D:\BackEnd\ManhwaDimension\ManhwaDimension\ManhwaDimension.csproj]
D:\BackEnd\ManhwaDimension\ManhwaDimension\ULT\AppSettingConfig.cs(60,24): warning CS8603: Possible null reference return. [D:\BackEnd\ManhwaDimension\ManhwaDimension\ManhwaDimension.csproj]
D:\BackEnd\ManhwaDimension\ManhwaDimension\ULT\AppSettingConfig.cs(62,24): warning CS8603: Possible null reference return. [D:\BackEnd\ManhwaDimension\ManhwaDimension\ManhwaDimension.csproj]
D:\BackEnd\ManhwaDimension\ManhwaDimension\ULT\Extentions\CloudflareR2ClientOptions.cs(5,23): warning CS8618: Non-nullable property 'AWSAccessKey' must contain a non-null value when exiting constructor. Consider adding the 'required' modifier or declaring the property as nullable. [D:\BackEnd\ManhwaDimension\ManhwaDimension\ManhwaDimension.csproj]
D:\BackEnd\ManhwaDimension\ManhwaDimension\ULT\Extentions\CloudflareR2ClientOptions.cs(6,23): warning CS8618: Non-nullable property 'AWSSecretKey' must contain a non-null value when exiting constructor. Consider adding the 'required' modifier or declaring the property as nullable. [D:\BackEnd\ManhwaDimension\ManhwaDimension\ManhwaDimension.csproj]
D:\BackEnd\ManhwaDimension\ManhwaDimension\ULT\AppSettingConfig.cs(68,24): warning CS8603: Possible null reference return. [D:\BackEnd\ManhwaDimension\ManhwaDimension\ManhwaDimension.csproj]
D:\BackEnd\ManhwaDimension\ManhwaDimension\ULT\AppSettingConfig.cs(72,24): warning CS8603: Possible null reference return. [D:\BackEnd\ManhwaDimension\ManhwaDimension\ManhwaDimension.csproj]
D:\BackEnd\ManhwaDimension\ManhwaDimension\ULT\Extentions\AwsClientOptions.cs(5,23): warning CS8618: Non-nullable property 'AccessKey' must contain a non-null value when exiting constructor. Consider adding the 'required' modifier or declaring the property as nullable. [D:\BackEnd\ManhwaDimension\ManhwaDimension\ManhwaDimension.csproj]
D:\BackEnd\ManhwaDimension\ManhwaDimension\ULT\Extentions\AwsClientOptions.cs(6,23): warning CS8618: Non-nullable property 'SecretKey' must contain a non-null value when exiting constructor. Consider adding the 'required' modifier or declaring the property as nullable. [D:\BackEnd\ManhwaDimension\ManhwaDimension\ManhwaDimension.csproj]
D:\BackEnd\ManhwaDimension\ManhwaDimension\ULT\Extentions\AwsClientOptions.cs(7,23): warning CS8618: Non-nullable property 'BucketName' must contain a non-null value when exiting constructor. Consider adding the 'required' modifier or declaring the property as nullable. [D:\BackEnd\ManhwaDimension\ManhwaDimension\ManhwaDimension.csproj]
D:\BackEnd\ManhwaDimension\ManhwaDimension\ULT\Extentions\AwsClientOptions.cs(8,23): warning CS8618: Non-nullable property 'Endpoint' must contain a non-null value when exiting constructor. Consider adding the 'required' modifier or declaring the property as nullable. [D:\BackEnd\ManhwaDimension\ManhwaDimension\ManhwaDimension.csproj]
D:\BackEnd\ManhwaDimension\ManhwaDimension\ULT\AppSettingConfig.cs(82,24): warning CS8603: Possible null reference return. [D:\BackEnd\ManhwaDimension\ManhwaDimension\ManhwaDimension.csproj]
D:\BackEnd\ManhwaDimension\ManhwaDimension\ULT\AppSettingConfig.cs(84,24): warning CS8603: Possible null reference return. [D:\BackEnd\ManhwaDimension\ManhwaDimension\ManhwaDimension.csproj]
D:\BackEnd\ManhwaDimension\ManhwaDimension\ULT\AppSettingConfig.cs(5,41): warning CS8618: Non-nullable field '_instance' must contain a non-null value when exiting constructor. Consider adding the 'required' modifier or declaring the field as nullable. [D:\BackEnd\ManhwaDimension\ManhwaDimension\ManhwaDimension.csproj]
D:\BackEnd\ManhwaDimension\ManhwaDimension\Repository\BaseRepository.cs(24,20): warning CS8603: Possible null reference return. [D:\BackEnd\ManhwaDimension\ManhwaDimension\ManhwaDimension.csproj]
D:\BackEnd\ManhwaDimension\ManhwaDimension\ULT\Email\SmtpSetting.cs(5,23): warning CS8618: Non-nullable property 'Server' must contain a non-null value when exiting constructor. Consider adding the 'required' modifier or declaring the property as nullable. [D:\BackEnd\ManhwaDimension\ManhwaDimension\ManhwaDimension.csproj]
D:\BackEnd\ManhwaDimension\ManhwaDimension\ULT\Email\SmtpSetting.cs(8,23): warning CS8618: Non-nullable property 'UserName' must contain a non-null value when exiting constructor. Consider adding the 'required' modifier or declaring the property as nullable. [D:\BackEnd\ManhwaDimension\ManhwaDimension\ManhwaDimension.csproj]
D:\BackEnd\ManhwaDimension\ManhwaDimension\ULT\Email\SmtpSetting.cs(9,23): warning CS8618: Non-nullable property 'Password' must contain a non-null value when exiting constructor. Consider adding the 'required' modifier or declaring the property as nullable. [D:\BackEnd\ManhwaDimension\ManhwaDimension\ManhwaDimension.csproj]
D:\BackEnd\ManhwaDimension\ManhwaDimension\ULT\Email\SmtpSetting.cs(10,23): warning CS8618: Non-nullable property 'SenderName' must contain a non-null value when exiting constructor. Consider adding the 'required' modifier or declaring the property as nullable. [D:\BackEnd\ManhwaDimension\ManhwaDimension\ManhwaDimension.csproj]
D:\BackEnd\ManhwaDimension\ManhwaDimension\ULT\Email\SmtpSetting.cs(11,23): warning CS8618: Non-nullable property 'TargetName' must contain a non-null value when exiting constructor. Consider adding the 'required' modifier or declaring the property as nullable. [D:\BackEnd\ManhwaDimension\ManhwaDimension\ManhwaDimension.csproj]
D:\BackEnd\ManhwaDimension\ManhwaDimension\Repository\TagRepository.cs(47,29): warning CS8602: Dereference of a possibly null reference. [D:\BackEnd\ManhwaDimension\ManhwaDimension\ManhwaDimension.csproj]
D:\BackEnd\ManhwaDimension\ManhwaDimension\Repository\TagRepository.cs(78,54): warning CS8602: Dereference of a possibly null reference. [D:\BackEnd\ManhwaDimension\ManhwaDimension\ManhwaDimension.csproj]
D:\BackEnd\ManhwaDimension\ManhwaDimension\ULT\BookWormULT.cs(47,20): warning SYSLIB0023: 'RNGCryptoServiceProvider' is obsolete: 'RNGCryptoServiceProvider is obsolete. To generate a random number, use one of the RandomNumberGenerator static methods instead.' (https://aka.ms/dotnet-warnings/SYSLIB0023) [D:\BackEnd\ManhwaDimension\ManhwaDimension\ManhwaDimension.csproj]
D:\BackEnd\ManhwaDimension\ManhwaDimension\ULT\BookWormULT.cs(47,55): warning SYSLIB0023: 'RNGCryptoServiceProvider' is obsolete: 'RNGCryptoServiceProvider is obsolete. To generate a random number, use one of the RandomNumberGenerator static methods instead.' (https://aka.ms/dotnet-warnings/SYSLIB0023) [D:\BackEnd\ManhwaDimension\ManhwaDimension\ManhwaDimension.csproj]
D:\BackEnd\ManhwaDimension\ManhwaDimension\Repository\BaseRepository.cs(62,23): warning CS8603: Possible null reference return. [D:\BackEnd\ManhwaDimension\ManhwaDimension\ManhwaDimension.csproj]
D:\BackEnd\ManhwaDimension\ManhwaDimension\Repository\BaseRepository.cs(64,20): warning CS8603: Possible null reference return. [D:\BackEnd\ManhwaDimension\ManhwaDimension\ManhwaDimension.csproj]
D:\BackEnd\ManhwaDimension\ManhwaDimension\ULT\Email\EmailUtil.cs(83,30): warning CS0168: The variable 'e' is declared but never used [D:\BackEnd\ManhwaDimension\ManhwaDimension\ManhwaDimension.csproj]
D:\BackEnd\ManhwaDimension\ManhwaDimension\Repository\SubscriptionRepository.cs(29,20): warning CS8603: Possible null reference return. [D:\BackEnd\ManhwaDimension\ManhwaDimension\ManhwaDimension.csproj]
D:\BackEnd\ManhwaDimension\ManhwaDimension\ULT\Email\EmailMessage.cs(5,29): warning CS8618: Non-nullable property 'ToEmails' must contain a non-null value when exiting constructor. Consider adding the 'required' modifier or declaring the property as nullable. [D:\BackEnd\ManhwaDimension\ManhwaDimension\ManhwaDimension.csproj]
D:\BackEnd\ManhwaDimension\ManhwaDimension\ULT\Email\EmailMessage.cs(6,29): warning CS8618: Non-nullable property 'CcEmails' must contain a non-null value when exiting constructor. Consider adding the 'required' modifier or declaring the property as nullable. [D:\BackEnd\ManhwaDimension\ManhwaDimension\ManhwaDimension.csproj]
D:\BackEnd\ManhwaDimension\ManhwaDimension\ULT\Email\EmailMessage.cs(7,29): warning CS8618: Non-nullable property 'BccEmails' must contain a non-null value when exiting constructor. Consider adding the 'required' modifier or declaring the property as nullable. [D:\BackEnd\ManhwaDimension\ManhwaDimension\ManhwaDimension.csproj]
D:\BackEnd\ManhwaDimension\ManhwaDimension\ULT\Email\EmailMessage.cs(8,23): warning CS8618: Non-nullable property 'Subject' must contain a non-null value when exiting constructor. Consider adding the 'required' modifier or declaring the property as nullable. [D:\BackEnd\ManhwaDimension\ManhwaDimension\ManhwaDimension.csproj]
D:\BackEnd\ManhwaDimension\ManhwaDimension\ULT\Email\EmailMessage.cs(9,23): warning CS8618: Non-nullable property 'TemplateName' must contain a non-null value when exiting constructor. Consider adding the 'required' modifier or declaring the property as nullable. [D:\BackEnd\ManhwaDimension\ManhwaDimension\ManhwaDimension.csproj]
D:\BackEnd\ManhwaDimension\ManhwaDimension\ULT\Email\EmailMessage.cs(10,23): warning CS8618: Non-nullable property 'TemplatePath' must contain a non-null value when exiting constructor. Consider adding the 'required' modifier or declaring the property as nullable. [D:\BackEnd\ManhwaDimension\ManhwaDimension\ManhwaDimension.csproj]
D:\BackEnd\ManhwaDimension\ManhwaDimension\ULT\Email\EmailMessage.cs(11,23): warning CS8618: Non-nullable property 'Model' must contain a non-null value when exiting constructor. Consider adding the 'required' modifier or declaring the property as nullable. [D:\BackEnd\ManhwaDimension\ManhwaDimension\ManhwaDimension.csproj]
D:\BackEnd\ManhwaDimension\ManhwaDimension\ULT\DTParameters\TagDTParameters.cs(5,23): warning CS8618: Non-nullable property 'SearchAll' must contain a non-null value when exiting constructor. Consider adding the 'required' modifier or declaring the property as nullable. [D:\BackEnd\ManhwaDimension\ManhwaDimension\ManhwaDimension.csproj]
D:\BackEnd\ManhwaDimension\ManhwaDimension\ULT\DTParameters\SubscriptionDTParameters.cs(5,23): warning CS8618: Non-nullable property 'SearchAll' must contain a non-null value when exiting constructor. Consider adding the 'required' modifier or declaring the property as nullable. [D:\BackEnd\ManhwaDimension\ManhwaDimension\ManhwaDimension.csproj]
D:\BackEnd\ManhwaDimension\ManhwaDimension\ULT\DTParameters\GenreDTParameters.cs(5,23): warning CS8618: Non-nullable property 'SearchAll' must contain a non-null value when exiting constructor. Consider adding the 'required' modifier or declaring the property as nullable. [D:\BackEnd\ManhwaDimension\ManhwaDimension\ManhwaDimension.csproj]
D:\BackEnd\ManhwaDimension\ManhwaDimension\ULT\DTParameters\ComicDTParameters.cs(5,23): warning CS8618: Non-nullable property 'SearchAll' must contain a non-null value when exiting constructor. Consider adding the 'required' modifier or declaring the property as nullable. [D:\BackEnd\ManhwaDimension\ManhwaDimension\ManhwaDimension.csproj]
D:\BackEnd\ManhwaDimension\ManhwaDimension\ULT\DTParameters\AuthorDTParameters.cs(5,23): warning CS8618: Non-nullable property 'SearchAll' must contain a non-null value when exiting constructor. Consider adding the 'required' modifier or declaring the property as nullable. [D:\BackEnd\ManhwaDimension\ManhwaDimension\ManhwaDimension.csproj]
D:\BackEnd\ManhwaDimension\ManhwaDimension\ULT\DTParameters\AccountDTParameters.cs(5,23): warning CS8618: Non-nullable property 'SearchAll' must contain a non-null value when exiting constructor. Consider adding the 'required' modifier or declaring the property as nullable. [D:\BackEnd\ManhwaDimension\ManhwaDimension\ManhwaDimension.csproj]
D:\BackEnd\ManhwaDimension\ManhwaDimension\Repository\ComicRepository.cs(29,20): warning CS8603: Possible null reference return. [D:\BackEnd\ManhwaDimension\ManhwaDimension\ManhwaDimension.csproj]
D:\BackEnd\ManhwaDimension\ManhwaDimension\ULT\DateTimeConverter.cs(12,35): warning CS8604: Possible null reference argument for parameter 's' in 'DateTime DateTime.Parse(string s)'. [D:\BackEnd\ManhwaDimension\ManhwaDimension\ManhwaDimension.csproj]
D:\BackEnd\ManhwaDimension\ManhwaDimension\ULT\DatatableModels.cs(32,31): warning CS8618: Non-nullable property 'data' must contain a non-null value when exiting constructor. Consider adding the 'required' modifier or declaring the property as nullable. [D:\BackEnd\ManhwaDimension\ManhwaDimension\ManhwaDimension.csproj]
D:\BackEnd\ManhwaDimension\ManhwaDimension\ULT\DatatableModels.cs(43,43): warning CS8603: Possible null reference return. [D:\BackEnd\ManhwaDimension\ManhwaDimension\ManhwaDimension.csproj]
D:\BackEnd\ManhwaDimension\ManhwaDimension\ULT\DatatableModels.cs(48,46): warning CS8603: Possible null reference return. [D:\BackEnd\ManhwaDimension\ManhwaDimension\ManhwaDimension.csproj]
D:\BackEnd\ManhwaDimension\ManhwaDimension\ULT\DatatableModels.cs(54,45): warning CS8603: Possible null reference return. [D:\BackEnd\ManhwaDimension\ManhwaDimension\ManhwaDimension.csproj]
D:\BackEnd\ManhwaDimension\ManhwaDimension\ULT\DatatableModels.cs(181,23): warning CS8618: Non-nullable property 'Value' must contain a non-null value when exiting constructor. Consider adding the 'required' modifier or declaring the property as nullable. [D:\BackEnd\ManhwaDimension\ManhwaDimension\ManhwaDimension.csproj]
D:\BackEnd\ManhwaDimension\ManhwaDimension\Repository\SubscriptionRepository.cs(67,24): warning CS8603: Possible null reference return. [D:\BackEnd\ManhwaDimension\ManhwaDimension\ManhwaDimension.csproj]
D:\BackEnd\ManhwaDimension\ManhwaDimension\Repository\SubscriptionRepository.cs(69,20): warning CS8603: Possible null reference return. [D:\BackEnd\ManhwaDimension\ManhwaDimension\ManhwaDimension.csproj]
D:\BackEnd\ManhwaDimension\ManhwaDimension\ULT\DatatableModels.cs(123,23): warning CS8618: Non-nullable property 'Data' must contain a non-null value when exiting constructor. Consider adding the 'required' modifier or declaring the property as nullable. [D:\BackEnd\ManhwaDimension\ManhwaDimension\ManhwaDimension.csproj]
D:\BackEnd\ManhwaDimension\ManhwaDimension\ULT\DatatableModels.cs(128,23): warning CS8618: Non-nullable property 'Name' must contain a non-null value when exiting constructor. Consider adding the 'required' modifier or declaring the property as nullable. [D:\BackEnd\ManhwaDimension\ManhwaDimension\ManhwaDimension.csproj]
D:\BackEnd\ManhwaDimension\ManhwaDimension\ULT\DatatableModels.cs(143,25): warning CS8618: Non-nullable property 'Search' must contain a non-null value when exiting constructor. Consider adding the 'required' modifier or declaring the property as nullable. [D:\BackEnd\ManhwaDimension\ManhwaDimension\ManhwaDimension.csproj]
D:\BackEnd\ManhwaDimension\ManhwaDimension\ULT\DatatableModels.cs(103,36): warning CS8603: Possible null reference return. [D:\BackEnd\ManhwaDimension\ManhwaDimension\ManhwaDimension.csproj]
D:\BackEnd\ManhwaDimension\ManhwaDimension\ULT\DatatableModels.cs(73,27): warning CS8618: Non-nullable property 'Columns' must contain a non-null value when exiting constructor. Consider adding the 'required' modifier or declaring the property as nullable. [D:\BackEnd\ManhwaDimension\ManhwaDimension\ManhwaDimension.csproj]
D:\BackEnd\ManhwaDimension\ManhwaDimension\ULT\DatatableModels.cs(78,26): warning CS8618: Non-nullable property 'Order' must contain a non-null value when exiting constructor. Consider adding the 'required' modifier or declaring the property as nullable. [D:\BackEnd\ManhwaDimension\ManhwaDimension\ManhwaDimension.csproj]
D:\BackEnd\ManhwaDimension\ManhwaDimension\ULT\DatatableModels.cs(98,25): warning CS8618: Non-nullable property 'Search' must contain a non-null value when exiting constructor. Consider adding the 'required' modifier or declaring the property as nullable. [D:\BackEnd\ManhwaDimension\ManhwaDimension\ManhwaDimension.csproj]
D:\BackEnd\ManhwaDimension\ManhwaDimension\ULT\BookWormULT.cs(227,33): warning SYSLIB0021: 'MD5CryptoServiceProvider' is obsolete: 'Derived cryptographic types are obsolete. Use the Create method on the base type instead.' (https://aka.ms/dotnet-warnings/SYSLIB0021) [D:\BackEnd\ManhwaDimension\ManhwaDimension\ManhwaDimension.csproj]
D:\BackEnd\ManhwaDimension\ManhwaDimension\Repository\ComicRepository.cs(67,24): warning CS8603: Possible null reference return. [D:\BackEnd\ManhwaDimension\ManhwaDimension\ManhwaDimension.csproj]
D:\BackEnd\ManhwaDimension\ManhwaDimension\Repository\ComicRepository.cs(69,20): warning CS8603: Possible null reference return. [D:\BackEnd\ManhwaDimension\ManhwaDimension\ManhwaDimension.csproj]
D:\BackEnd\ManhwaDimension\ManhwaDimension\Repository\AuthorRepository.cs(46,29): warning CS8602: Dereference of a possibly null reference. [D:\BackEnd\ManhwaDimension\ManhwaDimension\ManhwaDimension.csproj]
D:\BackEnd\ManhwaDimension\ManhwaDimension\Repository\AuthorRepository.cs(47,29): warning CS8602: Dereference of a possibly null reference. [D:\BackEnd\ManhwaDimension\ManhwaDimension\ManhwaDimension.csproj]
D:\BackEnd\ManhwaDimension\ManhwaDimension\Repository\AuthorRepository.cs(48,29): warning CS8602: Dereference of a possibly null reference. [D:\BackEnd\ManhwaDimension\ManhwaDimension\ManhwaDimension.csproj]
D:\BackEnd\ManhwaDimension\ManhwaDimension\Repository\AuthorRepository.cs(79,54): warning CS8602: Dereference of a possibly null reference. [D:\BackEnd\ManhwaDimension\ManhwaDimension\ManhwaDimension.csproj]
D:\BackEnd\ManhwaDimension\ManhwaDimension\Repository\GenreRepository.cs(47,29): warning CS8602: Dereference of a possibly null reference. [D:\BackEnd\ManhwaDimension\ManhwaDimension\ManhwaDimension.csproj]
D:\BackEnd\ManhwaDimension\ManhwaDimension\Repository\GenreRepository.cs(77,54): warning CS8602: Dereference of a possibly null reference. [D:\BackEnd\ManhwaDimension\ManhwaDimension\ManhwaDimension.csproj]
D:\BackEnd\ManhwaDimension\ManhwaDimension\Repository\ComicRepository.cs(129,29): warning CS8602: Dereference of a possibly null reference. [D:\BackEnd\ManhwaDimension\ManhwaDimension\ManhwaDimension.csproj]
D:\BackEnd\ManhwaDimension\ManhwaDimension\Repository\ComicRepository.cs(130,29): warning CS8602: Dereference of a possibly null reference. [D:\BackEnd\ManhwaDimension\ManhwaDimension\ManhwaDimension.csproj]
D:\BackEnd\ManhwaDimension\ManhwaDimension\Repository\ComicRepository.cs(131,29): warning CS8602: Dereference of a possibly null reference. [D:\BackEnd\ManhwaDimension\ManhwaDimension\ManhwaDimension.csproj]
D:\BackEnd\ManhwaDimension\ManhwaDimension\Repository\ComicRepository.cs(163,54): warning CS8602: Dereference of a possibly null reference. [D:\BackEnd\ManhwaDimension\ManhwaDimension\ManhwaDimension.csproj]
D:\BackEnd\ManhwaDimension\ManhwaDimension\Repository\ComicRepository.cs(166,54): warning CS8602: Dereference of a possibly null reference. [D:\BackEnd\ManhwaDimension\ManhwaDimension\ManhwaDimension.csproj]
D:\BackEnd\ManhwaDimension\ManhwaDimension\ULT\Extentions\ServiceExtensions.cs(13,44): warning CS0169: The field 'ServiceExtensions.httpClient' is never used [D:\BackEnd\ManhwaDimension\ManhwaDimension\ManhwaDimension.csproj]
D:\BackEnd\ManhwaDimension\ManhwaDimension\ULT\Email\EmailUtil.cs(18,31): warning CS0414: The field 'EmailUtil.currentUrlLogo' is assigned but its value is never used [D:\BackEnd\ManhwaDimension\ManhwaDimension\ManhwaDimension.csproj]
C:\Program Files\dotnet\sdk\9.0.308\Microsoft.Common.CurrentVersion.targets(5394,5): warning MSB3026: Could not copy "D:\BackEnd\ManhwaDimension\ManhwaDimension\obj\Debug\net8.0\apphost.exe" to "bin\Debug\net8.0\ManhwaDimension.exe". Beginning retry 1 in 1000ms. The process cannot access the file 'D:\BackEnd\ManhwaDimension\ManhwaDimension\bin\Debug\net8.0\ManhwaDimension.exe' because it is being used by another process. The file is locked by: "ManhwaDimension (21380)" [D:\BackEnd\ManhwaDimension\ManhwaDimension\ManhwaDimension.csproj]
C:\Program Files\dotnet\sdk\9.0.308\Microsoft.Common.CurrentVersion.targets(5394,5): warning MSB3026: Could not copy "D:\BackEnd\ManhwaDimension\ManhwaDimension\obj\Debug\net8.0\apphost.exe" to "bin\Debug\net8.0\ManhwaDimension.exe". Beginning retry 2 in 1000ms. The process cannot access the file 'D:\BackEnd\ManhwaDimension\ManhwaDimension\bin\Debug\net8.0\ManhwaDimension.exe' because it is being used by another process. The file is locked by: "ManhwaDimension (21380)" [D:\BackEnd\ManhwaDimension\ManhwaDimension\ManhwaDimension.csproj]
C:\Program Files\dotnet\sdk\9.0.308\Microsoft.Common.CurrentVersion.targets(5394,5): warning MSB3026: Could not copy "D:\BackEnd\ManhwaDimension\ManhwaDimension\obj\Debug\net8.0\apphost.exe" to "bin\Debug\net8.0\ManhwaDimension.exe". Beginning retry 3 in 1000ms. The process cannot access the file 'D:\BackEnd\ManhwaDimension\ManhwaDimension\bin\Debug\net8.0\ManhwaDimension.exe' because it is being used by another process. The file is locked by: "ManhwaDimension (21380)" [D:\BackEnd\ManhwaDimension\ManhwaDimension\ManhwaDimension.csproj]
C:\Program Files\dotnet\sdk\9.0.308\Microsoft.Common.CurrentVersion.targets(5394,5): warning MSB3026: Could not copy "D:\BackEnd\ManhwaDimension\ManhwaDimension\obj\Debug\net8.0\apphost.exe" to "bin\Debug\net8.0\ManhwaDimension.exe". Beginning retry 4 in 1000ms. The process cannot access the file 'D:\BackEnd\ManhwaDimension\ManhwaDimension\bin\Debug\net8.0\ManhwaDimension.exe' because it is being used by another process. The file is locked by: "ManhwaDimension (21380)" [D:\BackEnd\ManhwaDimension\ManhwaDimension\ManhwaDimension.csproj]
C:\Program Files\dotnet\sdk\9.0.308\Microsoft.Common.CurrentVersion.targets(5394,5): warning MSB3026: Could not copy "D:\BackEnd\ManhwaDimension\ManhwaDimension\obj\Debug\net8.0\apphost.exe" to "bin\Debug\net8.0\ManhwaDimension.exe". Beginning retry 5 in 1000ms. The process cannot access the file 'D:\BackEnd\ManhwaDimension\ManhwaDimension\bin\Debug\net8.0\ManhwaDimension.exe' because it is being used by another process. The file is locked by: "ManhwaDimension (21380)" [D:\BackEnd\ManhwaDimension\ManhwaDimension\ManhwaDimension.csproj]
C:\Program Files\dotnet\sdk\9.0.308\Microsoft.Common.CurrentVersion.targets(5394,5): warning MSB3026: Could not copy "D:\BackEnd\ManhwaDimension\ManhwaDimension\obj\Debug\net8.0\apphost.exe" to "bin\Debug\net8.0\ManhwaDimension.exe". Beginning retry 6 in 1000ms. The process cannot access the file 'D:\BackEnd\ManhwaDimension\ManhwaDimension\bin\Debug\net8.0\ManhwaDimension.exe' because it is being used by another process. The file is locked by: "ManhwaDimension (21380)" [D:\BackEnd\ManhwaDimension\ManhwaDimension\ManhwaDimension.csproj]
C:\Program Files\dotnet\sdk\9.0.308\Microsoft.Common.CurrentVersion.targets(5394,5): warning MSB3026: Could not copy "D:\BackEnd\ManhwaDimension\ManhwaDimension\obj\Debug\net8.0\apphost.exe" to "bin\Debug\net8.0\ManhwaDimension.exe". Beginning retry 7 in 1000ms. The process cannot access the file 'D:\BackEnd\ManhwaDimension\ManhwaDimension\bin\Debug\net8.0\ManhwaDimension.exe' because it is being used by another process. The file is locked by: "ManhwaDimension (21380)" [D:\BackEnd\ManhwaDimension\ManhwaDimension\ManhwaDimension.csproj]
C:\Program Files\dotnet\sdk\9.0.308\Microsoft.Common.CurrentVersion.targets(5394,5): warning MSB3026: Could not copy "D:\BackEnd\ManhwaDimension\ManhwaDimension\obj\Debug\net8.0\apphost.exe" to "bin\Debug\net8.0\ManhwaDimension.exe". Beginning retry 8 in 1000ms. The process cannot access the file 'D:\BackEnd\ManhwaDimension\ManhwaDimension\bin\Debug\net8.0\ManhwaDimension.exe' because it is being used by another process. The file is locked by: "ManhwaDimension (21380)" [D:\BackEnd\ManhwaDimension\ManhwaDimension\ManhwaDimension.csproj]
C:\Program Files\dotnet\sdk\9.0.308\Microsoft.Common.CurrentVersion.targets(5394,5): warning MSB3026: Could not copy "D:\BackEnd\ManhwaDimension\ManhwaDimension\obj\Debug\net8.0\apphost.exe" to "bin\Debug\net8.0\ManhwaDimension.exe". Beginning retry 9 in 1000ms. The process cannot access the file 'D:\BackEnd\ManhwaDimension\ManhwaDimension\bin\Debug\net8.0\ManhwaDimension.exe' because it is being used by another process. The file is locked by: "ManhwaDimension (21380)" [D:\BackEnd\ManhwaDimension\ManhwaDimension\ManhwaDimension.csproj]
C:\Program Files\dotnet\sdk\9.0.308\Microsoft.Common.CurrentVersion.targets(5394,5): warning MSB3026: Could not copy "D:\BackEnd\ManhwaDimension\ManhwaDimension\obj\Debug\net8.0\apphost.exe" to "bin\Debug\net8.0\ManhwaDimension.exe". Beginning retry 10 in 1000ms. The process cannot access the file 'D:\BackEnd\ManhwaDimension\ManhwaDimension\bin\Debug\net8.0\ManhwaDimension.exe' because it is being used by another process. The file is locked by: "ManhwaDimension (21380)" [D:\BackEnd\ManhwaDimension\ManhwaDimension\ManhwaDimension.csproj]
C:\Program Files\dotnet\sdk\9.0.308\Microsoft.Common.CurrentVersion.targets(5394,5): error MSB3027: Could not copy "D:\BackEnd\ManhwaDimension\ManhwaDimension\obj\Debug\net8.0\apphost.exe" to "bin\Debug\net8.0\ManhwaDimension.exe". Exceeded retry count of 10. Failed. The file is locked by: "ManhwaDimension (21380)" [D:\BackEnd\ManhwaDimension\ManhwaDimension\ManhwaDimension.csproj]
C:\Program Files\dotnet\sdk\9.0.308\Microsoft.Common.CurrentVersion.targets(5394,5): error MSB3021: Unable to copy file "D:\BackEnd\ManhwaDimension\ManhwaDimension\obj\Debug\net8.0\apphost.exe" to "bin\Debug\net8.0\ManhwaDimension.exe". The process cannot access the file 'D:\BackEnd\ManhwaDimension\ManhwaDimension\bin\Debug\net8.0\ManhwaDimension.exe' because it is being used by another process. [D:\BackEnd\ManhwaDimension\ManhwaDimension\ManhwaDimension.csproj]
    172 Warning(s)
    2 Error(s)

Time Elapsed 00:00:20.01
